Flow report for keypad_freq_sel_module
Wed Dec 17 18:00:30 2025
Quartus II 64-Bit Version 13.0.1 Build 232 06/12/2013 Service Pack 1 SJ Web Edition


---------------------
; Table of Contents ;
---------------------
  1. Legal Notice
  2. Flow Summary
  3. Flow Settings
  4. Flow Non-Default Global Settings
  5. Flow Elapsed Time
  6. Flow OS Summary
  7. Flow Log
  8. Flow Messages
  9. Flow Suppressed Messages



----------------
; Legal Notice ;
----------------
Copyright (C) 1991-2013 Altera Corporation
Your use of Altera Corporation's design tools, logic functions 
and other software and tools, and its AMPP partner logic 
functions, and any output files from any of the foregoing 
(including device programming or simulation files), and any 
associated documentation or information are expressly subject 
to the terms and conditions of the Altera Program License 
Subscription Agreement, Altera MegaCore Function License 
Agreement, or other applicable license agreement, including, 
without limitation, that your use is for the sole purpose of 
programming logic devices manufactured by Altera and sold by 
Altera or its authorized distributors.  Please refer to the 
applicable agreement for further details.



+--------------------------------------------------------------------------------------+
; Flow Summary                                                                         ;
+------------------------------------+-------------------------------------------------+
; Flow Status                        ; Successful - Wed Dec 17 18:00:30 2025           ;
; Quartus II 64-Bit Version          ; 13.0.1 Build 232 06/12/2013 SP 1 SJ Web Edition ;
; Revision Name                      ; keypad_freq_sel_module                          ;
; Top-level Entity Name              ; keypad_freq_sel                                 ;
; Family                             ; Cyclone II                                      ;
; Device                             ; EP2C35F672C6                                    ;
; Timing Models                      ; Final                                           ;
; Total logic elements               ; 2,083 / 33,216 ( 6 % )                          ;
;     Total combinational functions  ; 2,081 / 33,216 ( 6 % )                          ;
;     Dedicated logic registers      ; 199 / 33,216 ( < 1 % )                          ;
; Total registers                    ; 199                                             ;
; Total pins                         ; 84 / 475 ( 18 % )                               ;
; Total virtual pins                 ; 0                                               ;
; Total memory bits                  ; 0 / 483,840 ( 0 % )                             ;
; Embedded Multiplier 9-bit elements ; 70 / 70 ( 100 % )                               ;
; Total PLLs                         ; 0 / 4 ( 0 % )                                   ;
+------------------------------------+-------------------------------------------------+


+--------------------------------------------+
; Flow Settings                              ;
+-------------------+------------------------+
; Option            ; Setting                ;
+-------------------+------------------------+
; Start date & time ; 12/17/2025 17:59:53    ;
; Main task         ; Compilation            ;
; Revision Name     ; keypad_freq_sel_module ;
+-------------------+------------------------+


+-------------------------------------------------------------------------------------------------------------------------------------------------------+
; Flow Non-Default Global Settings                                                                                                                      ;
+--------------------------------------+---------------------------------------+------------------------+-----------------+-----------------------------+
; Assignment Name                      ; Value                                 ; Default Value          ; Entity Name     ; Section Id                  ;
+--------------------------------------+---------------------------------------+------------------------+-----------------+-----------------------------+
; COMPILER_SIGNATURE_ID                ; 62291085593680.176599079307740        ; --                     ; --              ; --                          ;
; EDA_DESIGN_INSTANCE_NAME             ; NA                                    ; --                     ; --              ; tb_keypad_module            ;
; EDA_DESIGN_INSTANCE_NAME             ; NA                                    ; --                     ; --              ; tb_DDFS_frequency_converter ;
; EDA_NATIVELINK_SIMULATION_TEST_BENCH ; tb_DDFS_frequency_converter           ; --                     ; --              ; eda_simulation              ;
; EDA_OUTPUT_DATA_FORMAT               ; Vhdl                                  ; --                     ; --              ; eda_simulation              ;
; EDA_SIMULATION_TOOL                  ; ModelSim-Altera (VHDL)                ; <None>                 ; --              ; --                          ;
; EDA_TEST_BENCH_ENABLE_STATUS         ; TEST_BENCH_MODE                       ; --                     ; --              ; eda_simulation              ;
; EDA_TEST_BENCH_FILE                  ; tb_keypad_module.v                    ; --                     ; --              ; tb_keypad_module            ;
; EDA_TEST_BENCH_FILE                  ; tb_DDFS_frequency_converter.v         ; --                     ; --              ; tb_DDFS_frequency_converter ;
; EDA_TEST_BENCH_MODULE_NAME           ; tb_keypad_module                      ; --                     ; --              ; tb_keypad_module            ;
; EDA_TEST_BENCH_MODULE_NAME           ; tb_DDFS_frequency_converter           ; --                     ; --              ; tb_DDFS_frequency_converter ;
; EDA_TEST_BENCH_NAME                  ; tb_keypad_module                      ; --                     ; --              ; eda_simulation              ;
; EDA_TEST_BENCH_NAME                  ; tb_DDFS_frequency_converter           ; --                     ; --              ; eda_simulation              ;
; MAX_CORE_JUNCTION_TEMP               ; 85                                    ; --                     ; --              ; --                          ;
; MIN_CORE_JUNCTION_TEMP               ; 0                                     ; --                     ; --              ; --                          ;
; PARTITION_COLOR                      ; 2147039                               ; --                     ; keypad_freq_sel ; Top                         ;
; PARTITION_FITTER_PRESERVATION_LEVEL  ; PLACEMENT_AND_ROUTING                 ; --                     ; keypad_freq_sel ; Top                         ;
; PARTITION_NETLIST_TYPE               ; SOURCE                                ; --                     ; keypad_freq_sel ; Top                         ;
; POWER_BOARD_THERMAL_MODEL            ; None (CONSERVATIVE)                   ; --                     ; --              ; --                          ;
; POWER_PRESET_COOLING_SOLUTION        ; 23 MM HEAT SINK WITH 200 LFPM AIRFLOW ; --                     ; --              ; --                          ;
; PROJECT_OUTPUT_DIRECTORY             ; output_files                          ; --                     ; --              ; --                          ;
; TOP_LEVEL_ENTITY                     ; keypad_freq_sel                       ; keypad_freq_sel_module ; --              ; --                          ;
+--------------------------------------+---------------------------------------+------------------------+-----------------+-----------------------------+


+-------------------------------------------------------------------------------------------------------------------------------+
; Flow Elapsed Time                                                                                                             ;
+---------------------------+--------------+-------------------------+---------------------+------------------------------------+
; Module Name               ; Elapsed Time ; Average Processors Used ; Peak Virtual Memory ; Total CPU Time (on all processors) ;
+---------------------------+--------------+-------------------------+---------------------+------------------------------------+
; Analysis & Synthesis      ; 00:00:07     ; 1.0                     ; 4633 MB             ; 00:00:06                           ;
; Fitter                    ; 00:00:14     ; 1.0                     ; 4903 MB             ; 00:00:14                           ;
; Assembler                 ; 00:00:03     ; 1.0                     ; 4567 MB             ; 00:00:03                           ;
; TimeQuest Timing Analyzer ; 00:00:02     ; 1.0                     ; 4600 MB             ; 00:00:03                           ;
; EDA Netlist Writer        ; 00:00:04     ; 1.0                     ; 4541 MB             ; 00:00:03                           ;
; Total                     ; 00:00:30     ; --                      ; --                  ; 00:00:29                           ;
+---------------------------+--------------+-------------------------+---------------------+------------------------------------+


+----------------------------------------------------------------------------------------+
; Flow OS Summary                                                                        ;
+---------------------------+------------------+-----------+------------+----------------+
; Module Name               ; Machine Hostname ; OS Name   ; OS Version ; Processor type ;
+---------------------------+------------------+-----------+------------+----------------+
; Analysis & Synthesis      ; Mario            ; Windows 7 ; 6.2        ; x86_64         ;
; Fitter                    ; Mario            ; Windows 7 ; 6.2        ; x86_64         ;
; Assembler                 ; Mario            ; Windows 7 ; 6.2        ; x86_64         ;
; TimeQuest Timing Analyzer ; Mario            ; Windows 7 ; 6.2        ; x86_64         ;
; EDA Netlist Writer        ; Mario            ; Windows 7 ; 6.2        ; x86_64         ;
+---------------------------+------------------+-----------+------------+----------------+


------------
; Flow Log ;
------------
quartus_map --read_settings_files=on --write_settings_files=off keypad_freq_sel_module -c keypad_freq_sel_module
quartus_fit --read_settings_files=off --write_settings_files=off keypad_freq_sel_module -c keypad_freq_sel_module
quartus_asm --read_settings_files=off --write_settings_files=off keypad_freq_sel_module -c keypad_freq_sel_module
quartus_sta keypad_freq_sel_module -c keypad_freq_sel_module
quartus_eda --read_settings_files=off --write_settings_files=off keypad_freq_sel_module -c keypad_freq_sel_module



