------------------------------------------------------------
TimeQuest Timing Analyzer Summary
------------------------------------------------------------

Type  : Slow Model Setup 'inst|altpll_component|pll|clk[0]'
Slack : -24.315
TNS   : -613.179

Type  : Slow Model Setup 'keypad_freq_sel_module:inst15|keypad_module:keypad_mod_inst|data_valid'
Slack : -6.111
TNS   : -157.091

Type  : Slow Model Setup 'keypad_freq_divider:inst3|q'
Slack : -5.167
TNS   : -511.721

Type  : Slow Model Setup 'CLOCK_50'
Slack : -3.524
TNS   : -92.656

Type  : Slow Model Setup 'ddfs:inst1|freq_divider:f_div_inst|count[19]~_Duplicate_1'
Slack : -1.388
TNS   : -17.562

Type  : Slow Model Hold 'keypad_freq_divider:inst3|q'
Slack : -2.468
TNS   : -10.890

Type  : Slow Model Hold 'CLOCK_50'
Slack : -0.767
TNS   : -0.767

Type  : Slow Model Hold 'ddfs:inst1|freq_divider:f_div_inst|count[19]~_Duplicate_1'
Slack : 0.541
TNS   : 0.000

Type  : Slow Model Hold 'inst|altpll_component|pll|clk[0]'
Slack : 0.613
TNS   : 0.000

Type  : Slow Model Hold 'keypad_freq_sel_module:inst15|keypad_module:keypad_mod_inst|data_valid'
Slack : 1.006
TNS   : 0.000

Type  : Slow Model Recovery 'ddfs:inst1|freq_divider:f_div_inst|count[19]~_Duplicate_1'
Slack : -0.609
TNS   : -7.308

Type  : Slow Model Removal 'ddfs:inst1|freq_divider:f_div_inst|count[19]~_Duplicate_1'
Slack : 1.379
TNS   : 0.000

Type  : Slow Model Minimum Pulse Width 'keypad_freq_divider:inst3|q'
Slack : -0.500
TNS   : -129.000

Type  : Slow Model Minimum Pulse Width 'ddfs:inst1|freq_divider:f_div_inst|count[19]~_Duplicate_1'
Slack : -0.500
TNS   : -14.000

Type  : Slow Model Minimum Pulse Width 'keypad_freq_sel_module:inst15|keypad_module:keypad_mod_inst|data_valid'
Slack : 0.500
TNS   : 0.000

Type  : Slow Model Minimum Pulse Width 'inst|altpll_component|pll|clk[0]'
Slack : 0.577
TNS   : 0.000

Type  : Slow Model Minimum Pulse Width 'CLOCK_50'
Slack : 8.077
TNS   : 0.000

Type  : Fast Model Setup 'inst|altpll_component|pll|clk[0]'
Slack : -10.723
TNS   : -264.694

Type  : Fast Model Setup 'keypad_freq_sel_module:inst15|keypad_module:keypad_mod_inst|data_valid'
Slack : -2.572
TNS   : -62.591

Type  : Fast Model Setup 'keypad_freq_divider:inst3|q'
Slack : -2.196
TNS   : -154.040

Type  : Fast Model Setup 'CLOCK_50'
Slack : -0.968
TNS   : -16.756

Type  : Fast Model Setup 'ddfs:inst1|freq_divider:f_div_inst|count[19]~_Duplicate_1'
Slack : -0.152
TNS   : -1.824

Type  : Fast Model Hold 'keypad_freq_divider:inst3|q'
Slack : -1.541
TNS   : -22.618

Type  : Fast Model Hold 'CLOCK_50'
Slack : -0.816
TNS   : -0.816

Type  : Fast Model Hold 'ddfs:inst1|freq_divider:f_div_inst|count[19]~_Duplicate_1'
Slack : 0.249
TNS   : 0.000

Type  : Fast Model Hold 'inst|altpll_component|pll|clk[0]'
Slack : 0.328
TNS   : 0.000

Type  : Fast Model Hold 'keypad_freq_sel_module:inst15|keypad_module:keypad_mod_inst|data_valid'
Slack : 0.408
TNS   : 0.000

Type  : Fast Model Recovery 'ddfs:inst1|freq_divider:f_div_inst|count[19]~_Duplicate_1'
Slack : 0.154
TNS   : 0.000

Type  : Fast Model Removal 'ddfs:inst1|freq_divider:f_div_inst|count[19]~_Duplicate_1'
Slack : 0.726
TNS   : 0.000

Type  : Fast Model Minimum Pulse Width 'keypad_freq_divider:inst3|q'
Slack : -0.500
TNS   : -129.000

Type  : Fast Model Minimum Pulse Width 'ddfs:inst1|freq_divider:f_div_inst|count[19]~_Duplicate_1'
Slack : -0.500
TNS   : -14.000

Type  : Fast Model Minimum Pulse Width 'keypad_freq_sel_module:inst15|keypad_module:keypad_mod_inst|data_valid'
Slack : 0.500
TNS   : 0.000

Type  : Fast Model Minimum Pulse Width 'inst|altpll_component|pll|clk[0]'
Slack : 0.577
TNS   : 0.000

Type  : Fast Model Minimum Pulse Width 'CLOCK_50'
Slack : 8.077
TNS   : 0.000

------------------------------------------------------------
