------------------------------------------------------------
TimeQuest Timing Analyzer Summary
------------------------------------------------------------

Type  : Slow Model Setup 'inst_pll|altpll_component|pll|clk[0]'
Slack : 1.648
TNS   : 0.000

Type  : Slow Model Setup 'ddfs:inst_ddfs_mod|freq_divider_DDFS:f_div_inst|count[19]'
Slack : 8.224
TNS   : 0.000

Type  : Slow Model Hold 'inst_pll|altpll_component|pll|clk[0]'
Slack : 0.391
TNS   : 0.000

Type  : Slow Model Hold 'ddfs:inst_ddfs_mod|freq_divider_DDFS:f_div_inst|count[19]'
Slack : 0.585
TNS   : 0.000

Type  : Slow Model Minimum Pulse Width 'inst_pll|altpll_component|pll|clk[0]'
Slack : 5.219
TNS   : 0.000

Type  : Slow Model Minimum Pulse Width 'CLOCK_50'
Slack : 10.000
TNS   : 0.000

Type  : Slow Model Minimum Pulse Width 'ddfs:inst_ddfs_mod|freq_divider_DDFS:f_div_inst|count[19]'
Slack : 13.077
TNS   : 0.000

Type  : Fast Model Setup 'inst_pll|altpll_component|pll|clk[0]'
Slack : 7.125
TNS   : 0.000

Type  : Fast Model Setup 'ddfs:inst_ddfs_mod|freq_divider_DDFS:f_div_inst|count[19]'
Slack : 10.475
TNS   : 0.000

Type  : Fast Model Hold 'inst_pll|altpll_component|pll|clk[0]'
Slack : 0.215
TNS   : 0.000

Type  : Fast Model Hold 'ddfs:inst_ddfs_mod|freq_divider_DDFS:f_div_inst|count[19]'
Slack : 0.272
TNS   : 0.000

Type  : Fast Model Minimum Pulse Width 'inst_pll|altpll_component|pll|clk[0]'
Slack : 5.219
TNS   : 0.000

Type  : Fast Model Minimum Pulse Width 'CLOCK_50'
Slack : 10.000
TNS   : 0.000

Type  : Fast Model Minimum Pulse Width 'ddfs:inst_ddfs_mod|freq_divider_DDFS:f_div_inst|count[19]'
Slack : 13.077
TNS   : 0.000

------------------------------------------------------------
