------------------------------------------------------------
TimeQuest Timing Analyzer Summary
------------------------------------------------------------

Type  : Slow Model Setup 'CLOCK_PLL'
Slack : 1.199
TNS   : 0.000

Type  : Slow Model Setup 'CLK_FREQ_DIV'
Slack : 4.097
TNS   : 0.000

Type  : Slow Model Hold 'CLOCK_PLL'
Slack : 0.391
TNS   : 0.000

Type  : Slow Model Hold 'CLK_FREQ_DIV'
Slack : 1.579
TNS   : 0.000

Type  : Slow Model Recovery 'CLK_FREQ_DIV'
Slack : 11.494
TNS   : 0.000

Type  : Slow Model Removal 'CLK_FREQ_DIV'
Slack : 1.844
TNS   : 0.000

Type  : Slow Model Minimum Pulse Width 'CLOCK_PLL'
Slack : 5.219
TNS   : 0.000

Type  : Slow Model Minimum Pulse Width 'CLOCK_50'
Slack : 10.000
TNS   : 0.000

Type  : Slow Model Minimum Pulse Width 'CLK_FREQ_DIV'
Slack : 12.362
TNS   : 0.000

Type  : Fast Model Setup 'CLOCK_PLL'
Slack : 7.123
TNS   : 0.000

Type  : Fast Model Setup 'CLK_FREQ_DIV'
Slack : 8.530
TNS   : 0.000

Type  : Fast Model Hold 'CLOCK_PLL'
Slack : 0.215
TNS   : 0.000

Type  : Fast Model Hold 'CLK_FREQ_DIV'
Slack : 0.624
TNS   : 0.000

Type  : Fast Model Recovery 'CLK_FREQ_DIV'
Slack : 13.180
TNS   : 0.000

Type  : Fast Model Removal 'CLK_FREQ_DIV'
Slack : 0.660
TNS   : 0.000

Type  : Fast Model Minimum Pulse Width 'CLOCK_PLL'
Slack : 5.123
TNS   : 0.000

Type  : Fast Model Minimum Pulse Width 'CLOCK_50'
Slack : 10.000
TNS   : 0.000

Type  : Fast Model Minimum Pulse Width 'CLK_FREQ_DIV'
Slack : 12.362
TNS   : 0.000

------------------------------------------------------------
