MIF/HEX Update report for main_function_generator
Sun Dec 28 15:47:01 2025
Quartus II 64-Bit Version 13.0.1 Build 232 06/12/2013 Service Pack 1 SJ Web Edition


---------------------
; Table of Contents ;
---------------------
  1. Legal Notice
  2. MIF/HEX Update Summary
  3. MIF/HEX Update Processed Files
  4. MIF/HEX Update Messages



----------------
; Legal Notice ;
----------------
Copyright (C) 1991-2013 Altera Corporation
Your use of Altera Corporation's design tools, logic functions 
and other software and tools, and its AMPP partner logic 
functions, and any output files from any of the foregoing 
(including device programming or simulation files), and any 
associated documentation or information are expressly subject 
to the terms and conditions of the Altera Program License 
Subscription Agreement, Altera MegaCore Function License 
Agreement, or other applicable license agreement, including, 
without limitation, that your use is for the sole purpose of 
programming logic devices manufactured by Altera and sold by 
Altera or its authorized distributors.  Please refer to the 
applicable agreement for further details.



+---------------------------------------------------------------+
; MIF/HEX Update Summary                                        ;
+-----------------------+---------------------------------------+
; MIF/HEX Update Status ; Successful - Sun Dec 28 15:47:01 2025 ;
; Revision Name         ; main_function_generator               ;
; Top-level Entity Name ; main_function_generator               ;
; Family                ; Cyclone II                            ;
; Device                ; EP2C35F672C6                          ;
+-----------------------+---------------------------------------+


+------------------------------------------------------------------------------------------------------------------------------------------------------+
; MIF/HEX Update Processed Files                                                                                                                       ;
+------------------------------------------------------------------------------------------------------------------------------------------------------+
; File Name                                                                                                                                            ;
+------------------------------------------------------------------------------------------------------------------------------------------------------+
; C:/Users/posta/Desktop/Programmi/Verilog/Unipi-Frequency-generator/main_function_generator/db/main_function_generator.ram0_sin_lut_da7c88ef.hdl.mif  ;
; C:/Users/posta/Desktop/Programmi/Verilog/Unipi-Frequency-generator/main_function_generator/db/main_function_generator.ram0_text_lut_af7c7a3e.hdl.mif ;
+------------------------------------------------------------------------------------------------------------------------------------------------------+


+-------------------------+
; MIF/HEX Update Messages ;
+-------------------------+
Info: *******************************************************************
Info: Running Quartus II 64-Bit MIF/HEX Update
    Info: Version 13.0.1 Build 232 06/12/2013 Service Pack 1 SJ Web Edition
    Info: Processing started: Sun Dec 28 15:46:57 2025
Info: Command: quartus_cdb main_function_generator -c main_function_generator --update_mif
Warning (39023): Can't find Memory Initialization File text_lut_init.txt -- skipped updates for this file
Warning (39023): Can't find Memory Initialization File sin_lut_init.txt -- skipped updates for this file
Warning (127007): Memory Initialization File or Hexadecimal (Intel-Format) File "C:/Users/posta/Desktop/Programmi/Verilog/Unipi-Frequency-generator/main_function_generator/db/main_function_generator.ram0_text_lut_af7c7a3e.hdl.mif" contains "don't care" values -- overwriting them with 0s
Warning (127007): Memory Initialization File or Hexadecimal (Intel-Format) File "C:/Users/posta/Desktop/Programmi/Verilog/Unipi-Frequency-generator/main_function_generator/db/main_function_generator.ram0_text_lut_af7c7a3e.hdl.mif" contains "don't care" values -- overwriting them with 0s
Warning (127007): Memory Initialization File or Hexadecimal (Intel-Format) File "C:/Users/posta/Desktop/Programmi/Verilog/Unipi-Frequency-generator/main_function_generator/db/main_function_generator.ram0_text_lut_af7c7a3e.hdl.mif" contains "don't care" values -- overwriting them with 0s
Warning (127007): Memory Initialization File or Hexadecimal (Intel-Format) File "C:/Users/posta/Desktop/Programmi/Verilog/Unipi-Frequency-generator/main_function_generator/db/main_function_generator.ram0_text_lut_af7c7a3e.hdl.mif" contains "don't care" values -- overwriting them with 0s
Info (39024): Processed the following Memory Initialization File(s)
    Info (39025): Processed Memory Initialization File C:/Users/posta/Desktop/Programmi/Verilog/Unipi-Frequency-generator/main_function_generator/db/main_function_generator.ram0_sin_lut_da7c88ef.hdl.mif
    Info (39025): Processed Memory Initialization File C:/Users/posta/Desktop/Programmi/Verilog/Unipi-Frequency-generator/main_function_generator/db/main_function_generator.ram0_text_lut_af7c7a3e.hdl.mif
Info: Quartus II 64-Bit MIF/HEX Update was successful. 0 errors, 6 warnings
    Info: Peak virtual memory: 4643 megabytes
    Info: Processing ended: Sun Dec 28 15:47:01 2025
    Info: Elapsed time: 00:00:04
    Info: Total CPU time (on all processors): 00:00:01


