------------------------------------------------------------
TimeQuest Timing Analyzer Summary
------------------------------------------------------------

Type  : Slow Model Setup 'ddfs:inst15|freq_divider_DDFS:f_div_inst|count[19]'
Slack : -38.484
TNS   : -540.530

Type  : Slow Model Setup 'inst|altpll_component|pll|clk[0]'
Slack : -23.516
TNS   : -457.700

Type  : Slow Model Setup 'keypad_freq_sel_module:inst1|freq_divider_keypad_module:freq_div|q'
Slack : -6.297
TNS   : -754.334

Type  : Slow Model Setup 'CLOCK_50'
Slack : -2.263
TNS   : -68.848

Type  : Slow Model Hold 'CLOCK_50'
Slack : -2.539
TNS   : -2.539

Type  : Slow Model Hold 'keypad_freq_sel_module:inst1|freq_divider_keypad_module:freq_div|q'
Slack : 0.391
TNS   : 0.000

Type  : Slow Model Hold 'inst|altpll_component|pll|clk[0]'
Slack : 0.418
TNS   : 0.000

Type  : Slow Model Hold 'ddfs:inst15|freq_divider_DDFS:f_div_inst|count[19]'
Slack : 1.145
TNS   : 0.000

Type  : Slow Model Recovery 'ddfs:inst15|freq_divider_DDFS:f_div_inst|count[19]'
Slack : 0.358
TNS   : 0.000

Type  : Slow Model Removal 'ddfs:inst15|freq_divider_DDFS:f_div_inst|count[19]'
Slack : 0.201
TNS   : 0.000

Type  : Slow Model Minimum Pulse Width 'ddfs:inst15|freq_divider_DDFS:f_div_inst|count[19]'
Slack : -1.423
TNS   : -99.380

Type  : Slow Model Minimum Pulse Width 'keypad_freq_sel_module:inst1|freq_divider_keypad_module:freq_div|q'
Slack : -0.500
TNS   : -165.000

Type  : Slow Model Minimum Pulse Width 'inst|altpll_component|pll|clk[0]'
Slack : 1.500
TNS   : 0.000

Type  : Slow Model Minimum Pulse Width 'CLOCK_50'
Slack : 8.077
TNS   : 0.000

Type  : Fast Model Setup 'ddfs:inst15|freq_divider_DDFS:f_div_inst|count[19]'
Slack : -14.946
TNS   : -199.456

Type  : Fast Model Setup 'inst|altpll_component|pll|clk[0]'
Slack : -10.035
TNS   : -194.897

Type  : Fast Model Setup 'keypad_freq_sel_module:inst1|freq_divider_keypad_module:freq_div|q'
Slack : -2.335
TNS   : -257.037

Type  : Fast Model Setup 'CLOCK_50'
Slack : -0.328
TNS   : -2.349

Type  : Fast Model Hold 'CLOCK_50'
Slack : -1.584
TNS   : -1.584

Type  : Fast Model Hold 'keypad_freq_sel_module:inst1|freq_divider_keypad_module:freq_div|q'
Slack : 0.215
TNS   : 0.000

Type  : Fast Model Hold 'inst|altpll_component|pll|clk[0]'
Slack : 0.231
TNS   : 0.000

Type  : Fast Model Hold 'ddfs:inst15|freq_divider_DDFS:f_div_inst|count[19]'
Slack : 0.560
TNS   : 0.000

Type  : Fast Model Recovery 'ddfs:inst15|freq_divider_DDFS:f_div_inst|count[19]'
Slack : 0.629
TNS   : 0.000

Type  : Fast Model Removal 'ddfs:inst15|freq_divider_DDFS:f_div_inst|count[19]'
Slack : 0.158
TNS   : 0.000

Type  : Fast Model Minimum Pulse Width 'ddfs:inst15|freq_divider_DDFS:f_div_inst|count[19]'
Slack : -1.423
TNS   : -99.380

Type  : Fast Model Minimum Pulse Width 'keypad_freq_sel_module:inst1|freq_divider_keypad_module:freq_div|q'
Slack : -0.500
TNS   : -165.000

Type  : Fast Model Minimum Pulse Width 'inst|altpll_component|pll|clk[0]'
Slack : 1.500
TNS   : 0.000

Type  : Fast Model Minimum Pulse Width 'CLOCK_50'
Slack : 8.077
TNS   : 0.000

------------------------------------------------------------
