Flow report for main_function_generator
Fri Dec 26 23:36:48 2025
Quartus II 64-Bit Version 13.0.1 Build 232 06/12/2013 Service Pack 1 SJ Web Edition


---------------------
; Table of Contents ;
---------------------
  1. Legal Notice
  2. Flow Summary
  3. Flow Settings
  4. Flow Non-Default Global Settings
  5. Flow Elapsed Time
  6. Flow OS Summary
  7. Flow Log
  8. Flow Messages
  9. Flow Suppressed Messages



----------------
; Legal Notice ;
----------------
Copyright (C) 1991-2013 Altera Corporation
Your use of Altera Corporation's design tools, logic functions 
and other software and tools, and its AMPP partner logic 
functions, and any output files from any of the foregoing 
(including device programming or simulation files), and any 
associated documentation or information are expressly subject 
to the terms and conditions of the Altera Program License 
Subscription Agreement, Altera MegaCore Function License 
Agreement, or other applicable license agreement, including, 
without limitation, that your use is for the sole purpose of 
programming logic devices manufactured by Altera and sold by 
Altera or its authorized distributors.  Please refer to the 
applicable agreement for further details.



+--------------------------------------------------------------------------------------+
; Flow Summary                                                                         ;
+------------------------------------+-------------------------------------------------+
; Flow Status                        ; Successful - Fri Dec 26 23:36:48 2025           ;
; Quartus II 64-Bit Version          ; 13.0.1 Build 232 06/12/2013 SP 1 SJ Web Edition ;
; Revision Name                      ; main_function_generator                         ;
; Top-level Entity Name              ; main_function_generator                         ;
; Family                             ; Cyclone II                                      ;
; Device                             ; EP2C35F672C6                                    ;
; Timing Models                      ; Final                                           ;
; Total logic elements               ; 3,039 / 33,216 ( 9 % )                          ;
;     Total combinational functions  ; 2,971 / 33,216 ( 9 % )                          ;
;     Dedicated logic registers      ; 690 / 33,216 ( 2 % )                            ;
; Total registers                    ; 690                                             ;
; Total pins                         ; 109 / 475 ( 23 % )                              ;
; Total virtual pins                 ; 0                                               ;
; Total memory bits                  ; 29,696 / 483,840 ( 6 % )                        ;
; Embedded Multiplier 9-bit elements ; 70 / 70 ( 100 % )                               ;
; Total PLLs                         ; 1 / 4 ( 25 % )                                  ;
+------------------------------------+-------------------------------------------------+


+---------------------------------------------+
; Flow Settings                               ;
+-------------------+-------------------------+
; Option            ; Setting                 ;
+-------------------+-------------------------+
; Start date & time ; 12/26/2025 23:36:08     ;
; Main task         ; Compilation             ;
; Revision Name     ; main_function_generator ;
+-------------------+-------------------------+


+---------------------------------------------------------------------------------------------------------------------------------------------+
; Flow Non-Default Global Settings                                                                                                            ;
+-------------------------------------+---------------------------------------+--------------------------------+-------------+----------------+
; Assignment Name                     ; Value                                 ; Default Value                  ; Entity Name ; Section Id     ;
+-------------------------------------+---------------------------------------+--------------------------------+-------------+----------------+
; COMPILER_SIGNATURE_ID               ; 33325853381443.176678856719952        ; --                             ; --          ; --             ;
; EDA_OUTPUT_DATA_FORMAT              ; Vhdl                                  ; --                             ; --          ; eda_simulation ;
; EDA_SIMULATION_TOOL                 ; ModelSim-Altera (VHDL)                ; <None>                         ; --          ; --             ;
; IP_TOOL_NAME                        ; ALTPLL                                ; --                             ; --          ; --             ;
; IP_TOOL_VERSION                     ; 13.0                                  ; --                             ; --          ; --             ;
; MAX_CORE_JUNCTION_TEMP              ; 85                                    ; --                             ; --          ; --             ;
; MIN_CORE_JUNCTION_TEMP              ; 0                                     ; --                             ; --          ; --             ;
; MISC_FILE                           ; PLL/ALTPLLa.bsf                       ; --                             ; --          ; --             ;
; MISC_FILE                           ; PLL/ALTPLLa_bb.v                      ; --                             ; --          ; --             ;
; MISC_FILE                           ; PLL/ALTPLLa.ppf                       ; --                             ; --          ; --             ;
; OPTIMIZE_HOLD_TIMING                ; All Paths                             ; IO Paths and Minimum TPD Paths ; --          ; --             ;
; PARTITION_COLOR                     ; 16764057                              ; --                             ; --          ; Top            ;
; PARTITION_FITTER_PRESERVATION_LEVEL ; PLACEMENT_AND_ROUTING                 ; --                             ; --          ; Top            ;
; PARTITION_NETLIST_TYPE              ; SOURCE                                ; --                             ; --          ; Top            ;
; POWER_BOARD_THERMAL_MODEL           ; None (CONSERVATIVE)                   ; --                             ; --          ; --             ;
; POWER_PRESET_COOLING_SOLUTION       ; 23 MM HEAT SINK WITH 200 LFPM AIRFLOW ; --                             ; --          ; --             ;
; PROJECT_OUTPUT_DIRECTORY            ; output_files                          ; --                             ; --          ; --             ;
; ROUTER_TIMING_OPTIMIZATION_LEVEL    ; MAXIMUM                               ; Normal                         ; --          ; --             ;
+-------------------------------------+---------------------------------------+--------------------------------+-------------+----------------+


+-------------------------------------------------------------------------------------------------------------------------------+
; Flow Elapsed Time                                                                                                             ;
+---------------------------+--------------+-------------------------+---------------------+------------------------------------+
; Module Name               ; Elapsed Time ; Average Processors Used ; Peak Virtual Memory ; Total CPU Time (on all processors) ;
+---------------------------+--------------+-------------------------+---------------------+------------------------------------+
; Analysis & Synthesis      ; 00:00:08     ; 1.0                     ; 4655 MB             ; 00:00:08                           ;
; Fitter                    ; 00:00:21     ; 1.0                     ; 4925 MB             ; 00:00:19                           ;
; Assembler                 ; 00:00:02     ; 1.0                     ; 4574 MB             ; 00:00:02                           ;
; TimeQuest Timing Analyzer ; 00:00:02     ; 1.0                     ; 4592 MB             ; 00:00:01                           ;
; EDA Netlist Writer        ; 00:00:02     ; 1.0                     ; 4561 MB             ; 00:00:02                           ;
; Total                     ; 00:00:35     ; --                      ; --                  ; 00:00:32                           ;
+---------------------------+--------------+-------------------------+---------------------+------------------------------------+


+----------------------------------------------------------------------------------------+
; Flow OS Summary                                                                        ;
+---------------------------+------------------+-----------+------------+----------------+
; Module Name               ; Machine Hostname ; OS Name   ; OS Version ; Processor type ;
+---------------------------+------------------+-----------+------------+----------------+
; Analysis & Synthesis      ; Mario            ; Windows 7 ; 6.2        ; x86_64         ;
; Fitter                    ; Mario            ; Windows 7 ; 6.2        ; x86_64         ;
; Assembler                 ; Mario            ; Windows 7 ; 6.2        ; x86_64         ;
; TimeQuest Timing Analyzer ; Mario            ; Windows 7 ; 6.2        ; x86_64         ;
; EDA Netlist Writer        ; Mario            ; Windows 7 ; 6.2        ; x86_64         ;
+---------------------------+------------------+-----------+------------+----------------+


------------
; Flow Log ;
------------
quartus_map --read_settings_files=on --write_settings_files=off main_function_generator -c main_function_generator
quartus_fit --read_settings_files=off --write_settings_files=off main_function_generator -c main_function_generator
quartus_asm --read_settings_files=off --write_settings_files=off main_function_generator -c main_function_generator
quartus_sta main_function_generator -c main_function_generator
quartus_eda --read_settings_files=off --write_settings_files=off main_function_generator -c main_function_generator



