Analysis & Synthesis report for keypad_freq_sel_module
Wed Dec 24 16:53:14 2025
Quartus II 64-Bit Version 13.0.1 Build 232 06/12/2013 Service Pack 1 SJ Web Edition


---------------------
; Table of Contents ;
---------------------
  1. Legal Notice
  2. Analysis & Synthesis Summary
  3. Analysis & Synthesis Settings
  4. Parallel Compilation
  5. Analysis & Synthesis Source Files Read
  6. Analysis & Synthesis Resource Usage Summary
  7. Analysis & Synthesis Resource Utilization by Entity
  8. Logic Cells Representing Combinational Loops
  9. General Register Statistics
 10. Multiplexer Restructuring Statistics (Restructuring Performed)
 11. Parameter Settings for User Entity Instance: keypad_freq_sel_module:inst1
 12. Parameter Settings for User Entity Instance: keypad_freq_sel_module:inst1|keypad_module:keypad_mod_inst
 13. Parameter Settings for User Entity Instance: keypad_freq_sel_module:inst1|DDFS_frequency_converter:DDFS_freq_conv_inst
 14. Parameter Settings for Inferred Entity Instance: keypad_freq_sel_module:inst1|DDFS_frequency_converter:DDFS_freq_conv_inst|lpm_divide:Div1
 15. Parameter Settings for Inferred Entity Instance: keypad_freq_sel_module:inst1|DDFS_frequency_converter:DDFS_freq_conv_inst|lpm_divide:Div2
 16. Parameter Settings for Inferred Entity Instance: keypad_freq_sel_module:inst1|DDFS_frequency_converter:DDFS_freq_conv_inst|lpm_divide:Div0
 17. Parameter Settings for Inferred Entity Instance: keypad_freq_sel_module:inst1|DDFS_frequency_converter:DDFS_freq_conv_inst|lpm_divide:Div6
 18. Parameter Settings for Inferred Entity Instance: keypad_freq_sel_module:inst1|DDFS_frequency_converter:DDFS_freq_conv_inst|lpm_divide:Div5
 19. Parameter Settings for Inferred Entity Instance: keypad_freq_sel_module:inst1|DDFS_frequency_converter:DDFS_freq_conv_inst|lpm_divide:Div4
 20. Parameter Settings for Inferred Entity Instance: keypad_freq_sel_module:inst1|DDFS_frequency_converter:DDFS_freq_conv_inst|lpm_divide:Div3
 21. Elapsed Time Per Partition
 22. Analysis & Synthesis Messages



----------------
; Legal Notice ;
----------------
Copyright (C) 1991-2013 Altera Corporation
Your use of Altera Corporation's design tools, logic functions 
and other software and tools, and its AMPP partner logic 
functions, and any output files from any of the foregoing 
(including device programming or simulation files), and any 
associated documentation or information are expressly subject 
to the terms and conditions of the Altera Program License 
Subscription Agreement, Altera MegaCore Function License 
Agreement, or other applicable license agreement, including, 
without limitation, that your use is for the sole purpose of 
programming logic devices manufactured by Altera and sold by 
Altera or its authorized distributors.  Please refer to the 
applicable agreement for further details.



+--------------------------------------------------------------------------------------+
; Analysis & Synthesis Summary                                                         ;
+------------------------------------+-------------------------------------------------+
; Analysis & Synthesis Status        ; Successful - Wed Dec 24 16:53:14 2025           ;
; Quartus II 64-Bit Version          ; 13.0.1 Build 232 06/12/2013 SP 1 SJ Web Edition ;
; Revision Name                      ; keypad_freq_sel_module                          ;
; Top-level Entity Name              ; keypad_freq_sel                                 ;
; Family                             ; Cyclone II                                      ;
; Total logic elements               ; 5,100                                           ;
;     Total combinational functions  ; 5,065                                           ;
;     Dedicated logic registers      ; 227                                             ;
; Total registers                    ; 227                                             ;
; Total pins                         ; 84                                              ;
; Total virtual pins                 ; 0                                               ;
; Total memory bits                  ; 0                                               ;
; Embedded Multiplier 9-bit elements ; 0                                               ;
; Total PLLs                         ; 0                                               ;
+------------------------------------+-------------------------------------------------+


+--------------------------------------------------------------------------------------------------------------------------+
; Analysis & Synthesis Settings                                                                                            ;
+----------------------------------------------------------------------------+--------------------+------------------------+
; Option                                                                     ; Setting            ; Default Value          ;
+----------------------------------------------------------------------------+--------------------+------------------------+
; Device                                                                     ; EP2C35F672C6       ;                        ;
; Top-level entity name                                                      ; keypad_freq_sel    ; keypad_freq_sel_module ;
; Family name                                                                ; Cyclone II         ; Cyclone IV GX          ;
; Use smart compilation                                                      ; Off                ; Off                    ;
; Enable parallel Assembler and TimeQuest Timing Analyzer during compilation ; On                 ; On                     ;
; Enable compact report table                                                ; Off                ; Off                    ;
; Restructure Multiplexers                                                   ; Auto               ; Auto                   ;
; Create Debugging Nodes for IP Cores                                        ; Off                ; Off                    ;
; Preserve fewer node names                                                  ; On                 ; On                     ;
; Disable OpenCore Plus hardware evaluation                                  ; Off                ; Off                    ;
; Verilog Version                                                            ; Verilog_2001       ; Verilog_2001           ;
; VHDL Version                                                               ; VHDL_1993          ; VHDL_1993              ;
; State Machine Processing                                                   ; Auto               ; Auto                   ;
; Safe State Machine                                                         ; Off                ; Off                    ;
; Extract Verilog State Machines                                             ; On                 ; On                     ;
; Extract VHDL State Machines                                                ; On                 ; On                     ;
; Ignore Verilog initial constructs                                          ; Off                ; Off                    ;
; Iteration limit for constant Verilog loops                                 ; 5000               ; 5000                   ;
; Iteration limit for non-constant Verilog loops                             ; 250                ; 250                    ;
; Add Pass-Through Logic to Inferred RAMs                                    ; On                 ; On                     ;
; Infer RAMs from Raw Logic                                                  ; On                 ; On                     ;
; Parallel Synthesis                                                         ; On                 ; On                     ;
; DSP Block Balancing                                                        ; Auto               ; Auto                   ;
; NOT Gate Push-Back                                                         ; On                 ; On                     ;
; Power-Up Don't Care                                                        ; On                 ; On                     ;
; Remove Redundant Logic Cells                                               ; Off                ; Off                    ;
; Remove Duplicate Registers                                                 ; On                 ; On                     ;
; Ignore CARRY Buffers                                                       ; Off                ; Off                    ;
; Ignore CASCADE Buffers                                                     ; Off                ; Off                    ;
; Ignore GLOBAL Buffers                                                      ; Off                ; Off                    ;
; Ignore ROW GLOBAL Buffers                                                  ; Off                ; Off                    ;
; Ignore LCELL Buffers                                                       ; Off                ; Off                    ;
; Ignore SOFT Buffers                                                        ; On                 ; On                     ;
; Limit AHDL Integers to 32 Bits                                             ; Off                ; Off                    ;
; Optimization Technique                                                     ; Balanced           ; Balanced               ;
; Carry Chain Length                                                         ; 70                 ; 70                     ;
; Auto Carry Chains                                                          ; On                 ; On                     ;
; Auto Open-Drain Pins                                                       ; On                 ; On                     ;
; Perform WYSIWYG Primitive Resynthesis                                      ; Off                ; Off                    ;
; Auto ROM Replacement                                                       ; On                 ; On                     ;
; Auto RAM Replacement                                                       ; On                 ; On                     ;
; Auto Shift Register Replacement                                            ; Auto               ; Auto                   ;
; Allow Shift Register Merging across Hierarchies                            ; Auto               ; Auto                   ;
; Auto Clock Enable Replacement                                              ; On                 ; On                     ;
; Strict RAM Replacement                                                     ; Off                ; Off                    ;
; Allow Synchronous Control Signals                                          ; On                 ; On                     ;
; Force Use of Synchronous Clear Signals                                     ; Off                ; Off                    ;
; Auto RAM to Logic Cell Conversion                                          ; Off                ; Off                    ;
; Auto Resource Sharing                                                      ; Off                ; Off                    ;
; Allow Any RAM Size For Recognition                                         ; Off                ; Off                    ;
; Allow Any ROM Size For Recognition                                         ; Off                ; Off                    ;
; Allow Any Shift Register Size For Recognition                              ; Off                ; Off                    ;
; Use LogicLock Constraints during Resource Balancing                        ; On                 ; On                     ;
; Ignore translate_off and synthesis_off directives                          ; Off                ; Off                    ;
; Timing-Driven Synthesis                                                    ; Off                ; Off                    ;
; Report Parameter Settings                                                  ; On                 ; On                     ;
; Report Source Assignments                                                  ; On                 ; On                     ;
; Report Connectivity Checks                                                 ; On                 ; On                     ;
; Ignore Maximum Fan-Out Assignments                                         ; Off                ; Off                    ;
; Synchronization Register Chain Length                                      ; 2                  ; 2                      ;
; PowerPlay Power Optimization                                               ; Normal compilation ; Normal compilation     ;
; HDL message level                                                          ; Level2             ; Level2                 ;
; Suppress Register Optimization Related Messages                            ; Off                ; Off                    ;
; Number of Removed Registers Reported in Synthesis Report                   ; 5000               ; 5000                   ;
; Number of Swept Nodes Reported in Synthesis Report                         ; 5000               ; 5000                   ;
; Number of Inverted Registers Reported in Synthesis Report                  ; 100                ; 100                    ;
; Clock MUX Protection                                                       ; On                 ; On                     ;
; Auto Gated Clock Conversion                                                ; Off                ; Off                    ;
; Block Design Naming                                                        ; Auto               ; Auto                   ;
; SDC constraint protection                                                  ; Off                ; Off                    ;
; Synthesis Effort                                                           ; Auto               ; Auto                   ;
; Shift Register Replacement - Allow Asynchronous Clear Signal               ; On                 ; On                     ;
; Pre-Mapping Resynthesis Optimization                                       ; Off                ; Off                    ;
; Analysis & Synthesis Message Level                                         ; Medium             ; Medium                 ;
; Disable Register Merging Across Hierarchies                                ; Auto               ; Auto                   ;
; Resource Aware Inference For Block RAM                                     ; On                 ; On                     ;
; Synthesis Seed                                                             ; 1                  ; 1                      ;
+----------------------------------------------------------------------------+--------------------+------------------------+


Parallel compilation was disabled, but you have multiple processors available. Enable parallel compilation to reduce compilation time.
+-------------------------------------+
; Parallel Compilation                ;
+----------------------------+--------+
; Processors                 ; Number ;
+----------------------------+--------+
; Number detected on machine ; 12     ;
; Maximum allowed            ; 1      ;
+----------------------------+--------+


+----------------------------------------------------------------------------------------------------------------------------------------------------------------------------------------------------------------------------------------------------------------------------------+
; Analysis & Synthesis Source Files Read                                                                                                                                                                                                                                           ;
+----------------------------------+-----------------+------------------------------------+------------------------------------------------------------------------------------------------------------------------------------------------------------------------------+---------+
; File Name with User-Entered Path ; Used in Netlist ; File Type                          ; File Name with Absolute Path                                                                                                                                                 ; Library ;
+----------------------------------+-----------------+------------------------------------+------------------------------------------------------------------------------------------------------------------------------------------------------------------------------+---------+
; keypad_module.v                  ; yes             ; User Verilog HDL File              ; C:/Users/posta/Desktop/Programmi/Verilog/Unipi-Frequency-generator/main_function_generator - with dividers/modules/Keypad_frequency_select_module/keypad_module.v            ;         ;
; DDFS_frequency_converter.v       ; yes             ; User Verilog HDL File              ; C:/Users/posta/Desktop/Programmi/Verilog/Unipi-Frequency-generator/main_function_generator - with dividers/modules/Keypad_frequency_select_module/DDFS_frequency_converter.v ;         ;
; keypad_freq_sel_module.v         ; yes             ; User Verilog HDL File              ; C:/Users/posta/Desktop/Programmi/Verilog/Unipi-Frequency-generator/main_function_generator - with dividers/modules/Keypad_frequency_select_module/keypad_freq_sel_module.v   ;         ;
; BCD_to_7seg.v                    ; yes             ; User Verilog HDL File              ; C:/Users/posta/Desktop/Programmi/Verilog/Unipi-Frequency-generator/main_function_generator - with dividers/modules/Keypad_frequency_select_module/BCD_to_7seg.v              ;         ;
; keypad_freq_sel.bdf              ; yes             ; User Block Diagram/Schematic File  ; C:/Users/posta/Desktop/Programmi/Verilog/Unipi-Frequency-generator/main_function_generator - with dividers/modules/Keypad_frequency_select_module/keypad_freq_sel.bdf        ;         ;
; BCD_to_C1_converter.v            ; yes             ; User Verilog HDL File              ; C:/Users/posta/Desktop/Programmi/Verilog/Unipi-Frequency-generator/main_function_generator - with dividers/modules/Keypad_frequency_select_module/BCD_to_C1_converter.v      ;         ;
; lpm_divide.tdf                   ; yes             ; Megafunction                       ; c:/altera/13.0sp1/quartus/libraries/megafunctions/lpm_divide.tdf                                                                                                             ;         ;
; abs_divider.inc                  ; yes             ; Megafunction                       ; c:/altera/13.0sp1/quartus/libraries/megafunctions/abs_divider.inc                                                                                                            ;         ;
; sign_div_unsign.inc              ; yes             ; Megafunction                       ; c:/altera/13.0sp1/quartus/libraries/megafunctions/sign_div_unsign.inc                                                                                                        ;         ;
; aglobal130.inc                   ; yes             ; Megafunction                       ; c:/altera/13.0sp1/quartus/libraries/megafunctions/aglobal130.inc                                                                                                             ;         ;
; db/lpm_divide_kem.tdf            ; yes             ; Auto-Generated Megafunction        ; C:/Users/posta/Desktop/Programmi/Verilog/Unipi-Frequency-generator/main_function_generator - with dividers/modules/Keypad_frequency_select_module/db/lpm_divide_kem.tdf      ;         ;
; db/sign_div_unsign_ulh.tdf       ; yes             ; Auto-Generated Megafunction        ; C:/Users/posta/Desktop/Programmi/Verilog/Unipi-Frequency-generator/main_function_generator - with dividers/modules/Keypad_frequency_select_module/db/sign_div_unsign_ulh.tdf ;         ;
; db/alt_u_div_u2f.tdf             ; yes             ; Auto-Generated Megafunction        ; C:/Users/posta/Desktop/Programmi/Verilog/Unipi-Frequency-generator/main_function_generator - with dividers/modules/Keypad_frequency_select_module/db/alt_u_div_u2f.tdf       ;         ;
; db/add_sub_lkc.tdf               ; yes             ; Auto-Generated Megafunction        ; C:/Users/posta/Desktop/Programmi/Verilog/Unipi-Frequency-generator/main_function_generator - with dividers/modules/Keypad_frequency_select_module/db/add_sub_lkc.tdf         ;         ;
; db/add_sub_mkc.tdf               ; yes             ; Auto-Generated Megafunction        ; C:/Users/posta/Desktop/Programmi/Verilog/Unipi-Frequency-generator/main_function_generator - with dividers/modules/Keypad_frequency_select_module/db/add_sub_mkc.tdf         ;         ;
; db/lpm_divide_vfm.tdf            ; yes             ; Auto-Generated Megafunction        ; C:/Users/posta/Desktop/Programmi/Verilog/Unipi-Frequency-generator/main_function_generator - with dividers/modules/Keypad_frequency_select_module/db/lpm_divide_vfm.tdf      ;         ;
; db/sign_div_unsign_9nh.tdf       ; yes             ; Auto-Generated Megafunction        ; C:/Users/posta/Desktop/Programmi/Verilog/Unipi-Frequency-generator/main_function_generator - with dividers/modules/Keypad_frequency_select_module/db/sign_div_unsign_9nh.tdf ;         ;
; db/alt_u_div_k5f.tdf             ; yes             ; Auto-Generated Megafunction        ; C:/Users/posta/Desktop/Programmi/Verilog/Unipi-Frequency-generator/main_function_generator - with dividers/modules/Keypad_frequency_select_module/db/alt_u_div_k5f.tdf       ;         ;
; db/lpm_divide_hem.tdf            ; yes             ; Auto-Generated Megafunction        ; C:/Users/posta/Desktop/Programmi/Verilog/Unipi-Frequency-generator/main_function_generator - with dividers/modules/Keypad_frequency_select_module/db/lpm_divide_hem.tdf      ;         ;
; db/sign_div_unsign_rlh.tdf       ; yes             ; Auto-Generated Megafunction        ; C:/Users/posta/Desktop/Programmi/Verilog/Unipi-Frequency-generator/main_function_generator - with dividers/modules/Keypad_frequency_select_module/db/sign_div_unsign_rlh.tdf ;         ;
; db/alt_u_div_o2f.tdf             ; yes             ; Auto-Generated Megafunction        ; C:/Users/posta/Desktop/Programmi/Verilog/Unipi-Frequency-generator/main_function_generator - with dividers/modules/Keypad_frequency_select_module/db/alt_u_div_o2f.tdf       ;         ;
; db/lpm_divide_2gm.tdf            ; yes             ; Auto-Generated Megafunction        ; C:/Users/posta/Desktop/Programmi/Verilog/Unipi-Frequency-generator/main_function_generator - with dividers/modules/Keypad_frequency_select_module/db/lpm_divide_2gm.tdf      ;         ;
; db/sign_div_unsign_cnh.tdf       ; yes             ; Auto-Generated Megafunction        ; C:/Users/posta/Desktop/Programmi/Verilog/Unipi-Frequency-generator/main_function_generator - with dividers/modules/Keypad_frequency_select_module/db/sign_div_unsign_cnh.tdf ;         ;
; db/alt_u_div_q5f.tdf             ; yes             ; Auto-Generated Megafunction        ; C:/Users/posta/Desktop/Programmi/Verilog/Unipi-Frequency-generator/main_function_generator - with dividers/modules/Keypad_frequency_select_module/db/alt_u_div_q5f.tdf       ;         ;
; db/lpm_divide_0gm.tdf            ; yes             ; Auto-Generated Megafunction        ; C:/Users/posta/Desktop/Programmi/Verilog/Unipi-Frequency-generator/main_function_generator - with dividers/modules/Keypad_frequency_select_module/db/lpm_divide_0gm.tdf      ;         ;
; db/sign_div_unsign_anh.tdf       ; yes             ; Auto-Generated Megafunction        ; C:/Users/posta/Desktop/Programmi/Verilog/Unipi-Frequency-generator/main_function_generator - with dividers/modules/Keypad_frequency_select_module/db/sign_div_unsign_anh.tdf ;         ;
; db/alt_u_div_m5f.tdf             ; yes             ; Auto-Generated Megafunction        ; C:/Users/posta/Desktop/Programmi/Verilog/Unipi-Frequency-generator/main_function_generator - with dividers/modules/Keypad_frequency_select_module/db/alt_u_div_m5f.tdf       ;         ;
; db/lpm_divide_6gm.tdf            ; yes             ; Auto-Generated Megafunction        ; C:/Users/posta/Desktop/Programmi/Verilog/Unipi-Frequency-generator/main_function_generator - with dividers/modules/Keypad_frequency_select_module/db/lpm_divide_6gm.tdf      ;         ;
; db/sign_div_unsign_gnh.tdf       ; yes             ; Auto-Generated Megafunction        ; C:/Users/posta/Desktop/Programmi/Verilog/Unipi-Frequency-generator/main_function_generator - with dividers/modules/Keypad_frequency_select_module/db/sign_div_unsign_gnh.tdf ;         ;
; db/alt_u_div_06f.tdf             ; yes             ; Auto-Generated Megafunction        ; C:/Users/posta/Desktop/Programmi/Verilog/Unipi-Frequency-generator/main_function_generator - with dividers/modules/Keypad_frequency_select_module/db/alt_u_div_06f.tdf       ;         ;
; db/lpm_divide_3gm.tdf            ; yes             ; Auto-Generated Megafunction        ; C:/Users/posta/Desktop/Programmi/Verilog/Unipi-Frequency-generator/main_function_generator - with dividers/modules/Keypad_frequency_select_module/db/lpm_divide_3gm.tdf      ;         ;
; db/sign_div_unsign_dnh.tdf       ; yes             ; Auto-Generated Megafunction        ; C:/Users/posta/Desktop/Programmi/Verilog/Unipi-Frequency-generator/main_function_generator - with dividers/modules/Keypad_frequency_select_module/db/sign_div_unsign_dnh.tdf ;         ;
; db/alt_u_div_r5f.tdf             ; yes             ; Auto-Generated Megafunction        ; C:/Users/posta/Desktop/Programmi/Verilog/Unipi-Frequency-generator/main_function_generator - with dividers/modules/Keypad_frequency_select_module/db/alt_u_div_r5f.tdf       ;         ;
+----------------------------------+-----------------+------------------------------------+------------------------------------------------------------------------------------------------------------------------------------------------------------------------------+---------+


+--------------------------------------------------------+
; Analysis & Synthesis Resource Usage Summary            ;
+---------------------------------------------+----------+
; Resource                                    ; Usage    ;
+---------------------------------------------+----------+
; Estimated Total logic elements              ; 5,100    ;
;                                             ;          ;
; Total combinational functions               ; 5065     ;
; Logic element usage by number of LUT inputs ;          ;
;     -- 4 input functions                    ; 1383     ;
;     -- 3 input functions                    ; 1429     ;
;     -- <=2 input functions                  ; 2253     ;
;                                             ;          ;
; Logic elements by mode                      ;          ;
;     -- normal mode                          ; 3390     ;
;     -- arithmetic mode                      ; 1675     ;
;                                             ;          ;
; Total registers                             ; 227      ;
;     -- Dedicated logic registers            ; 227      ;
;     -- I/O registers                        ; 0        ;
;                                             ;          ;
; I/O pins                                    ; 84       ;
; Embedded Multiplier 9-bit elements          ; 0        ;
; Maximum fan-out node                        ; CLOCK_50 ;
; Maximum fan-out                             ; 227      ;
; Total fan-out                               ; 14889    ;
; Average fan-out                             ; 2.77     ;
+---------------------------------------------+----------+


+------------------------------------------------------------------------------------------------------------------------------------------------------------------------------------------------------------------------------------------------------------------------------------------------------------------------------------------------------------------------------+
; Analysis & Synthesis Resource Utilization by Entity                                                                                                                                                                                                                                                                                                                          ;
+------------------------------------------------------+-------------------+--------------+-------------+--------------+---------+-----------+------+--------------+--------------------------------------------------------------------------------------------------------------------------------------------------------------------------------------------+--------------+
; Compilation Hierarchy Node                           ; LC Combinationals ; LC Registers ; Memory Bits ; DSP Elements ; DSP 9x9 ; DSP 18x18 ; Pins ; Virtual Pins ; Full Hierarchy Name                                                                                                                                                                        ; Library Name ;
+------------------------------------------------------+-------------------+--------------+-------------+--------------+---------+-----------+------+--------------+--------------------------------------------------------------------------------------------------------------------------------------------------------------------------------------------+--------------+
; |keypad_freq_sel                                     ; 5065 (0)          ; 227 (0)      ; 0           ; 0            ; 0       ; 0         ; 84   ; 0            ; |keypad_freq_sel                                                                                                                                                                           ; work         ;
;    |keypad_freq_sel_module:inst1|                    ; 5016 (229)        ; 227 (117)    ; 0           ; 0            ; 0       ; 0         ; 0    ; 0            ; |keypad_freq_sel|keypad_freq_sel_module:inst1                                                                                                                                              ; work         ;
;       |BCD_to_C1_converter:BCD_C1_conv_inst|         ; 197 (197)         ; 0 (0)        ; 0           ; 0            ; 0       ; 0         ; 0    ; 0            ; |keypad_freq_sel|keypad_freq_sel_module:inst1|BCD_to_C1_converter:BCD_C1_conv_inst                                                                                                         ; work         ;
;       |DDFS_frequency_converter:DDFS_freq_conv_inst| ; 4459 (123)        ; 0 (0)        ; 0           ; 0            ; 0       ; 0         ; 0    ; 0            ; |keypad_freq_sel|keypad_freq_sel_module:inst1|DDFS_frequency_converter:DDFS_freq_conv_inst                                                                                                 ; work         ;
;          |lpm_divide:Div0|                           ; 476 (0)           ; 0 (0)        ; 0           ; 0            ; 0       ; 0         ; 0    ; 0            ; |keypad_freq_sel|keypad_freq_sel_module:inst1|DDFS_frequency_converter:DDFS_freq_conv_inst|lpm_divide:Div0                                                                                 ; work         ;
;             |lpm_divide_hem:auto_generated|          ; 476 (0)           ; 0 (0)        ; 0           ; 0            ; 0       ; 0         ; 0    ; 0            ; |keypad_freq_sel|keypad_freq_sel_module:inst1|DDFS_frequency_converter:DDFS_freq_conv_inst|lpm_divide:Div0|lpm_divide_hem:auto_generated                                                   ; work         ;
;                |sign_div_unsign_rlh:divider|         ; 476 (0)           ; 0 (0)        ; 0           ; 0            ; 0       ; 0         ; 0    ; 0            ; |keypad_freq_sel|keypad_freq_sel_module:inst1|DDFS_frequency_converter:DDFS_freq_conv_inst|lpm_divide:Div0|lpm_divide_hem:auto_generated|sign_div_unsign_rlh:divider                       ; work         ;
;                   |alt_u_div_o2f:divider|            ; 476 (476)         ; 0 (0)        ; 0           ; 0            ; 0       ; 0         ; 0    ; 0            ; |keypad_freq_sel|keypad_freq_sel_module:inst1|DDFS_frequency_converter:DDFS_freq_conv_inst|lpm_divide:Div0|lpm_divide_hem:auto_generated|sign_div_unsign_rlh:divider|alt_u_div_o2f:divider ; work         ;
;          |lpm_divide:Div1|                           ; 570 (0)           ; 0 (0)        ; 0           ; 0            ; 0       ; 0         ; 0    ; 0            ; |keypad_freq_sel|keypad_freq_sel_module:inst1|DDFS_frequency_converter:DDFS_freq_conv_inst|lpm_divide:Div1                                                                                 ; work         ;
;             |lpm_divide_kem:auto_generated|          ; 570 (0)           ; 0 (0)        ; 0           ; 0            ; 0       ; 0         ; 0    ; 0            ; |keypad_freq_sel|keypad_freq_sel_module:inst1|DDFS_frequency_converter:DDFS_freq_conv_inst|lpm_divide:Div1|lpm_divide_kem:auto_generated                                                   ; work         ;
;                |sign_div_unsign_ulh:divider|         ; 570 (0)           ; 0 (0)        ; 0           ; 0            ; 0       ; 0         ; 0    ; 0            ; |keypad_freq_sel|keypad_freq_sel_module:inst1|DDFS_frequency_converter:DDFS_freq_conv_inst|lpm_divide:Div1|lpm_divide_kem:auto_generated|sign_div_unsign_ulh:divider                       ; work         ;
;                   |alt_u_div_u2f:divider|            ; 570 (570)         ; 0 (0)        ; 0           ; 0            ; 0       ; 0         ; 0    ; 0            ; |keypad_freq_sel|keypad_freq_sel_module:inst1|DDFS_frequency_converter:DDFS_freq_conv_inst|lpm_divide:Div1|lpm_divide_kem:auto_generated|sign_div_unsign_ulh:divider|alt_u_div_u2f:divider ; work         ;
;          |lpm_divide:Div2|                           ; 727 (0)           ; 0 (0)        ; 0           ; 0            ; 0       ; 0         ; 0    ; 0            ; |keypad_freq_sel|keypad_freq_sel_module:inst1|DDFS_frequency_converter:DDFS_freq_conv_inst|lpm_divide:Div2                                                                                 ; work         ;
;             |lpm_divide_vfm:auto_generated|          ; 727 (0)           ; 0 (0)        ; 0           ; 0            ; 0       ; 0         ; 0    ; 0            ; |keypad_freq_sel|keypad_freq_sel_module:inst1|DDFS_frequency_converter:DDFS_freq_conv_inst|lpm_divide:Div2|lpm_divide_vfm:auto_generated                                                   ; work         ;
;                |sign_div_unsign_9nh:divider|         ; 727 (0)           ; 0 (0)        ; 0           ; 0            ; 0       ; 0         ; 0    ; 0            ; |keypad_freq_sel|keypad_freq_sel_module:inst1|DDFS_frequency_converter:DDFS_freq_conv_inst|lpm_divide:Div2|lpm_divide_vfm:auto_generated|sign_div_unsign_9nh:divider                       ; work         ;
;                   |alt_u_div_k5f:divider|            ; 727 (727)         ; 0 (0)        ; 0           ; 0            ; 0       ; 0         ; 0    ; 0            ; |keypad_freq_sel|keypad_freq_sel_module:inst1|DDFS_frequency_converter:DDFS_freq_conv_inst|lpm_divide:Div2|lpm_divide_vfm:auto_generated|sign_div_unsign_9nh:divider|alt_u_div_k5f:divider ; work         ;
;          |lpm_divide:Div3|                           ; 746 (0)           ; 0 (0)        ; 0           ; 0            ; 0       ; 0         ; 0    ; 0            ; |keypad_freq_sel|keypad_freq_sel_module:inst1|DDFS_frequency_converter:DDFS_freq_conv_inst|lpm_divide:Div3                                                                                 ; work         ;
;             |lpm_divide_3gm:auto_generated|          ; 746 (0)           ; 0 (0)        ; 0           ; 0            ; 0       ; 0         ; 0    ; 0            ; |keypad_freq_sel|keypad_freq_sel_module:inst1|DDFS_frequency_converter:DDFS_freq_conv_inst|lpm_divide:Div3|lpm_divide_3gm:auto_generated                                                   ; work         ;
;                |sign_div_unsign_dnh:divider|         ; 746 (0)           ; 0 (0)        ; 0           ; 0            ; 0       ; 0         ; 0    ; 0            ; |keypad_freq_sel|keypad_freq_sel_module:inst1|DDFS_frequency_converter:DDFS_freq_conv_inst|lpm_divide:Div3|lpm_divide_3gm:auto_generated|sign_div_unsign_dnh:divider                       ; work         ;
;                   |alt_u_div_r5f:divider|            ; 746 (746)         ; 0 (0)        ; 0           ; 0            ; 0       ; 0         ; 0    ; 0            ; |keypad_freq_sel|keypad_freq_sel_module:inst1|DDFS_frequency_converter:DDFS_freq_conv_inst|lpm_divide:Div3|lpm_divide_3gm:auto_generated|sign_div_unsign_dnh:divider|alt_u_div_r5f:divider ; work         ;
;          |lpm_divide:Div4|                           ; 714 (0)           ; 0 (0)        ; 0           ; 0            ; 0       ; 0         ; 0    ; 0            ; |keypad_freq_sel|keypad_freq_sel_module:inst1|DDFS_frequency_converter:DDFS_freq_conv_inst|lpm_divide:Div4                                                                                 ; work         ;
;             |lpm_divide_6gm:auto_generated|          ; 714 (0)           ; 0 (0)        ; 0           ; 0            ; 0       ; 0         ; 0    ; 0            ; |keypad_freq_sel|keypad_freq_sel_module:inst1|DDFS_frequency_converter:DDFS_freq_conv_inst|lpm_divide:Div4|lpm_divide_6gm:auto_generated                                                   ; work         ;
;                |sign_div_unsign_gnh:divider|         ; 714 (0)           ; 0 (0)        ; 0           ; 0            ; 0       ; 0         ; 0    ; 0            ; |keypad_freq_sel|keypad_freq_sel_module:inst1|DDFS_frequency_converter:DDFS_freq_conv_inst|lpm_divide:Div4|lpm_divide_6gm:auto_generated|sign_div_unsign_gnh:divider                       ; work         ;
;                   |alt_u_div_06f:divider|            ; 714 (714)         ; 0 (0)        ; 0           ; 0            ; 0       ; 0         ; 0    ; 0            ; |keypad_freq_sel|keypad_freq_sel_module:inst1|DDFS_frequency_converter:DDFS_freq_conv_inst|lpm_divide:Div4|lpm_divide_6gm:auto_generated|sign_div_unsign_gnh:divider|alt_u_div_06f:divider ; work         ;
;          |lpm_divide:Div5|                           ; 595 (0)           ; 0 (0)        ; 0           ; 0            ; 0       ; 0         ; 0    ; 0            ; |keypad_freq_sel|keypad_freq_sel_module:inst1|DDFS_frequency_converter:DDFS_freq_conv_inst|lpm_divide:Div5                                                                                 ; work         ;
;             |lpm_divide_0gm:auto_generated|          ; 595 (0)           ; 0 (0)        ; 0           ; 0            ; 0       ; 0         ; 0    ; 0            ; |keypad_freq_sel|keypad_freq_sel_module:inst1|DDFS_frequency_converter:DDFS_freq_conv_inst|lpm_divide:Div5|lpm_divide_0gm:auto_generated                                                   ; work         ;
;                |sign_div_unsign_anh:divider|         ; 595 (0)           ; 0 (0)        ; 0           ; 0            ; 0       ; 0         ; 0    ; 0            ; |keypad_freq_sel|keypad_freq_sel_module:inst1|DDFS_frequency_converter:DDFS_freq_conv_inst|lpm_divide:Div5|lpm_divide_0gm:auto_generated|sign_div_unsign_anh:divider                       ; work         ;
;                   |alt_u_div_m5f:divider|            ; 595 (595)         ; 0 (0)        ; 0           ; 0            ; 0       ; 0         ; 0    ; 0            ; |keypad_freq_sel|keypad_freq_sel_module:inst1|DDFS_frequency_converter:DDFS_freq_conv_inst|lpm_divide:Div5|lpm_divide_0gm:auto_generated|sign_div_unsign_anh:divider|alt_u_div_m5f:divider ; work         ;
;          |lpm_divide:Div6|                           ; 508 (0)           ; 0 (0)        ; 0           ; 0            ; 0       ; 0         ; 0    ; 0            ; |keypad_freq_sel|keypad_freq_sel_module:inst1|DDFS_frequency_converter:DDFS_freq_conv_inst|lpm_divide:Div6                                                                                 ; work         ;
;             |lpm_divide_2gm:auto_generated|          ; 508 (0)           ; 0 (0)        ; 0           ; 0            ; 0       ; 0         ; 0    ; 0            ; |keypad_freq_sel|keypad_freq_sel_module:inst1|DDFS_frequency_converter:DDFS_freq_conv_inst|lpm_divide:Div6|lpm_divide_2gm:auto_generated                                                   ; work         ;
;                |sign_div_unsign_cnh:divider|         ; 508 (0)           ; 0 (0)        ; 0           ; 0            ; 0       ; 0         ; 0    ; 0            ; |keypad_freq_sel|keypad_freq_sel_module:inst1|DDFS_frequency_converter:DDFS_freq_conv_inst|lpm_divide:Div6|lpm_divide_2gm:auto_generated|sign_div_unsign_cnh:divider                       ; work         ;
;                   |alt_u_div_q5f:divider|            ; 508 (508)         ; 0 (0)        ; 0           ; 0            ; 0       ; 0         ; 0    ; 0            ; |keypad_freq_sel|keypad_freq_sel_module:inst1|DDFS_frequency_converter:DDFS_freq_conv_inst|lpm_divide:Div6|lpm_divide_2gm:auto_generated|sign_div_unsign_cnh:divider|alt_u_div_q5f:divider ; work         ;
;       |keypad_module:keypad_mod_inst|                ; 131 (131)         ; 110 (110)    ; 0           ; 0            ; 0       ; 0         ; 0    ; 0            ; |keypad_freq_sel|keypad_freq_sel_module:inst1|keypad_module:keypad_mod_inst                                                                                                                ; work         ;
;    |mux7seg:inst2|                                   ; 7 (7)             ; 0 (0)        ; 0           ; 0            ; 0       ; 0         ; 0    ; 0            ; |keypad_freq_sel|mux7seg:inst2                                                                                                                                                             ; work         ;
;    |mux7seg:inst3|                                   ; 7 (7)             ; 0 (0)        ; 0           ; 0            ; 0       ; 0         ; 0    ; 0            ; |keypad_freq_sel|mux7seg:inst3                                                                                                                                                             ; work         ;
;    |mux7seg:inst4|                                   ; 7 (7)             ; 0 (0)        ; 0           ; 0            ; 0       ; 0         ; 0    ; 0            ; |keypad_freq_sel|mux7seg:inst4                                                                                                                                                             ; work         ;
;    |mux7seg:inst5|                                   ; 7 (7)             ; 0 (0)        ; 0           ; 0            ; 0       ; 0         ; 0    ; 0            ; |keypad_freq_sel|mux7seg:inst5                                                                                                                                                             ; work         ;
;    |mux7seg:inst6|                                   ; 7 (7)             ; 0 (0)        ; 0           ; 0            ; 0       ; 0         ; 0    ; 0            ; |keypad_freq_sel|mux7seg:inst6                                                                                                                                                             ; work         ;
;    |mux7seg:inst7|                                   ; 7 (7)             ; 0 (0)        ; 0           ; 0            ; 0       ; 0         ; 0    ; 0            ; |keypad_freq_sel|mux7seg:inst7                                                                                                                                                             ; work         ;
;    |mux7seg:inst|                                    ; 7 (7)             ; 0 (0)        ; 0           ; 0            ; 0       ; 0         ; 0    ; 0            ; |keypad_freq_sel|mux7seg:inst                                                                                                                                                              ; work         ;
+------------------------------------------------------+-------------------+--------------+-------------+--------------+---------+-----------+------+--------------+--------------------------------------------------------------------------------------------------------------------------------------------------------------------------------------------+--------------+
Note: For table entries with two numbers listed, the numbers in parentheses indicate the number of resources of the given type used by the specific entity alone. The numbers listed outside of parentheses indicate the total resources of the given type used by the specific entity and all of its sub-entities in the hierarchy.


+-------------------------------------------------------------------------------+
; Logic Cells Representing Combinational Loops                                  ;
+---------------------------------------------------------------------------+---+
; Logic Cell Name                                                           ;   ;
+---------------------------------------------------------------------------+---+
; keypad_freq_sel_module:inst1|BCD_to_C1_converter:BCD_C1_conv_inst|Add4~0  ;   ;
; keypad_freq_sel_module:inst1|BCD_to_C1_converter:BCD_C1_conv_inst|Add15~0 ;   ;
; Number of logic cells representing combinational loops                    ; 2 ;
+---------------------------------------------------------------------------+---+
Note: All cells listed above may not be present at the end of synthesis due to various synthesis optimizations.


+------------------------------------------------------+
; General Register Statistics                          ;
+----------------------------------------------+-------+
; Statistic                                    ; Value ;
+----------------------------------------------+-------+
; Total registers                              ; 227   ;
; Number of registers using Synchronous Clear  ; 98    ;
; Number of registers using Synchronous Load   ; 22    ;
; Number of registers using Asynchronous Clear ; 0     ;
; Number of registers using Asynchronous Load  ; 0     ;
; Number of registers using Clock Enable       ; 176   ;
; Number of registers using Preset             ; 0     ;
+----------------------------------------------+-------+


+----------------------------------------------------------------------------------------------------------------------------------------------------------------------------------------------------------------+
; Multiplexer Restructuring Statistics (Restructuring Performed)                                                                                                                                                 ;
+--------------------+-----------+---------------+----------------------+------------------------+------------+--------------------------------------------------------------------------------------------------+
; Multiplexer Inputs ; Bus Width ; Baseline Area ; Area if Restructured ; Saving if Restructured ; Registered ; Example Multiplexer Output                                                                       ;
+--------------------+-----------+---------------+----------------------+------------------------+------------+--------------------------------------------------------------------------------------------------+
; 3:1                ; 32 bits   ; 64 LEs        ; 32 LEs               ; 32 LEs                 ; Yes        ; |keypad_freq_sel|keypad_freq_sel_module:inst1|keypad_module:keypad_mod_inst|clock_div_cont[8]    ;
; 5:1                ; 16 bits   ; 48 LEs        ; 16 LEs               ; 32 LEs                 ; Yes        ; |keypad_freq_sel|keypad_freq_sel_module:inst1|keypad_module:keypad_mod_inst|tmp_out_keys[15]     ;
; 5:1                ; 32 bits   ; 96 LEs        ; 32 LEs               ; 64 LEs                 ; Yes        ; |keypad_freq_sel|keypad_freq_sel_module:inst1|keypad_module:keypad_mod_inst|i_column[12]         ;
; 5:1                ; 32 bits   ; 96 LEs        ; 64 LEs               ; 32 LEs                 ; Yes        ; |keypad_freq_sel|keypad_freq_sel_module:inst1|debounce_cont[26]                                  ;
; 6:1                ; 28 bits   ; 112 LEs       ; 28 LEs               ; 84 LEs                 ; Yes        ; |keypad_freq_sel|keypad_freq_sel_module:inst1|BCD_1[2]                                           ;
; 12:1               ; 4 bits    ; 32 LEs        ; 8 LEs                ; 24 LEs                 ; Yes        ; |keypad_freq_sel|keypad_freq_sel_module:inst1|freq_7[1]                                          ;
; 12:1               ; 22 bits   ; 176 LEs       ; 44 LEs               ; 132 LEs                ; Yes        ; |keypad_freq_sel|keypad_freq_sel_module:inst1|freq_6[0]                                          ;
; 8:1                ; 7 bits    ; 35 LEs        ; 28 LEs               ; 7 LEs                  ; No         ; |keypad_freq_sel|keypad_freq_sel_module:inst1|DDFS_frequency_converter:DDFS_freq_conv_inst|fw[4] ;
+--------------------+-----------+---------------+----------------------+------------------------+------------+--------------------------------------------------------------------------------------------------+


+-----------------------------------------------------------------------------------------------------+
; Parameter Settings for User Entity Instance: keypad_freq_sel_module:inst1                           ;
+----------------+------------------------------------------------------------------+-----------------+
; Parameter Name ; Value                                                            ; Type            ;
+----------------+------------------------------------------------------------------+-----------------+
; N_COLUMN       ; 4                                                                ; Signed Integer  ;
; N_ROW          ; 4                                                                ; Signed Integer  ;
; CLK_FREQ       ; 0000000000000000000000000000000000000010111110101111000010000000 ; Unsigned Binary ;
; SCAN_FREQ      ; 0000000000000000000000000000000000000000000000000010011100010000 ; Unsigned Binary ;
+----------------+------------------------------------------------------------------+-----------------+
Note: In order to hide this table in the UI and the text report file, please set the "Show Parameter Settings in Synthesis Report" option in "Analysis and Synthesis Settings -> More Settings" to "Off".


+---------------------------------------------------------------------------------------------------------+
; Parameter Settings for User Entity Instance: keypad_freq_sel_module:inst1|keypad_module:keypad_mod_inst ;
+----------------+------------------------------------------------------------------+---------------------+
; Parameter Name ; Value                                                            ; Type                ;
+----------------+------------------------------------------------------------------+---------------------+
; N_COLUMN       ; 4                                                                ; Signed Integer      ;
; N_ROW          ; 4                                                                ; Signed Integer      ;
; CLK_FREQ       ; 0000000000000000000000000000000000000010111110101111000010000000 ; Unsigned Binary     ;
; SCAN_FREQ      ; 0000000000000000000000000000000000000000000000000010011100010000 ; Unsigned Binary     ;
+----------------+------------------------------------------------------------------+---------------------+
Note: In order to hide this table in the UI and the text report file, please set the "Show Parameter Settings in Synthesis Report" option in "Analysis and Synthesis Settings -> More Settings" to "Off".


+------------------------------------------------------------------------------------------------------------------------+
; Parameter Settings for User Entity Instance: keypad_freq_sel_module:inst1|DDFS_frequency_converter:DDFS_freq_conv_inst ;
+----------------+------------------------------------------------------------------+------------------------------------+
; Parameter Name ; Value                                                            ; Type                               ;
+----------------+------------------------------------------------------------------+------------------------------------+
; CLK_FREQ       ; 0000000000000000000000000000000000000010111110101111000010000000 ; Unsigned Binary                    ;
+----------------+------------------------------------------------------------------+------------------------------------+
Note: In order to hide this table in the UI and the text report file, please set the "Show Parameter Settings in Synthesis Report" option in "Analysis and Synthesis Settings -> More Settings" to "Off".


+--------------------------------------------------------------------------------------------------------------------------------------------+
; Parameter Settings for Inferred Entity Instance: keypad_freq_sel_module:inst1|DDFS_frequency_converter:DDFS_freq_conv_inst|lpm_divide:Div1 ;
+------------------------+----------------+--------------------------------------------------------------------------------------------------+
; Parameter Name         ; Value          ; Type                                                                                             ;
+------------------------+----------------+--------------------------------------------------------------------------------------------------+
; LPM_WIDTHN             ; 33             ; Untyped                                                                                          ;
; LPM_WIDTHD             ; 9              ; Untyped                                                                                          ;
; LPM_NREPRESENTATION    ; UNSIGNED       ; Untyped                                                                                          ;
; LPM_DREPRESENTATION    ; UNSIGNED       ; Untyped                                                                                          ;
; LPM_PIPELINE           ; 0              ; Untyped                                                                                          ;
; LPM_REMAINDERPOSITIVE  ; TRUE           ; Untyped                                                                                          ;
; MAXIMIZE_SPEED         ; 5              ; Untyped                                                                                          ;
; CBXI_PARAMETER         ; lpm_divide_kem ; Untyped                                                                                          ;
; CARRY_CHAIN            ; MANUAL         ; Untyped                                                                                          ;
; OPTIMIZE_FOR_SPEED     ; 5              ; Untyped                                                                                          ;
; AUTO_CARRY_CHAINS      ; ON             ; AUTO_CARRY                                                                                       ;
; IGNORE_CARRY_BUFFERS   ; OFF            ; IGNORE_CARRY                                                                                     ;
; AUTO_CASCADE_CHAINS    ; ON             ; AUTO_CASCADE                                                                                     ;
; IGNORE_CASCADE_BUFFERS ; OFF            ; IGNORE_CASCADE                                                                                   ;
+------------------------+----------------+--------------------------------------------------------------------------------------------------+
Note: In order to hide this table in the UI and the text report file, please set the "Show Parameter Settings in Synthesis Report" option in "Analysis and Synthesis Settings -> More Settings" to "Off".


+--------------------------------------------------------------------------------------------------------------------------------------------+
; Parameter Settings for Inferred Entity Instance: keypad_freq_sel_module:inst1|DDFS_frequency_converter:DDFS_freq_conv_inst|lpm_divide:Div2 ;
+------------------------+----------------+--------------------------------------------------------------------------------------------------+
; Parameter Name         ; Value          ; Type                                                                                             ;
+------------------------+----------------+--------------------------------------------------------------------------------------------------+
; LPM_WIDTHN             ; 33             ; Untyped                                                                                          ;
; LPM_WIDTHD             ; 13             ; Untyped                                                                                          ;
; LPM_NREPRESENTATION    ; UNSIGNED       ; Untyped                                                                                          ;
; LPM_DREPRESENTATION    ; UNSIGNED       ; Untyped                                                                                          ;
; LPM_PIPELINE           ; 0              ; Untyped                                                                                          ;
; LPM_REMAINDERPOSITIVE  ; TRUE           ; Untyped                                                                                          ;
; MAXIMIZE_SPEED         ; 5              ; Untyped                                                                                          ;
; CBXI_PARAMETER         ; lpm_divide_vfm ; Untyped                                                                                          ;
; CARRY_CHAIN            ; MANUAL         ; Untyped                                                                                          ;
; OPTIMIZE_FOR_SPEED     ; 5              ; Untyped                                                                                          ;
; AUTO_CARRY_CHAINS      ; ON             ; AUTO_CARRY                                                                                       ;
; IGNORE_CARRY_BUFFERS   ; OFF            ; IGNORE_CARRY                                                                                     ;
; AUTO_CASCADE_CHAINS    ; ON             ; AUTO_CASCADE                                                                                     ;
; IGNORE_CASCADE_BUFFERS ; OFF            ; IGNORE_CASCADE                                                                                   ;
+------------------------+----------------+--------------------------------------------------------------------------------------------------+
Note: In order to hide this table in the UI and the text report file, please set the "Show Parameter Settings in Synthesis Report" option in "Analysis and Synthesis Settings -> More Settings" to "Off".


+--------------------------------------------------------------------------------------------------------------------------------------------+
; Parameter Settings for Inferred Entity Instance: keypad_freq_sel_module:inst1|DDFS_frequency_converter:DDFS_freq_conv_inst|lpm_divide:Div0 ;
+------------------------+----------------+--------------------------------------------------------------------------------------------------+
; Parameter Name         ; Value          ; Type                                                                                             ;
+------------------------+----------------+--------------------------------------------------------------------------------------------------+
; LPM_WIDTHN             ; 33             ; Untyped                                                                                          ;
; LPM_WIDTHD             ; 6              ; Untyped                                                                                          ;
; LPM_NREPRESENTATION    ; UNSIGNED       ; Untyped                                                                                          ;
; LPM_DREPRESENTATION    ; UNSIGNED       ; Untyped                                                                                          ;
; LPM_PIPELINE           ; 0              ; Untyped                                                                                          ;
; LPM_REMAINDERPOSITIVE  ; TRUE           ; Untyped                                                                                          ;
; MAXIMIZE_SPEED         ; 5              ; Untyped                                                                                          ;
; CBXI_PARAMETER         ; lpm_divide_hem ; Untyped                                                                                          ;
; CARRY_CHAIN            ; MANUAL         ; Untyped                                                                                          ;
; OPTIMIZE_FOR_SPEED     ; 5              ; Untyped                                                                                          ;
; AUTO_CARRY_CHAINS      ; ON             ; AUTO_CARRY                                                                                       ;
; IGNORE_CARRY_BUFFERS   ; OFF            ; IGNORE_CARRY                                                                                     ;
; AUTO_CASCADE_CHAINS    ; ON             ; AUTO_CASCADE                                                                                     ;
; IGNORE_CASCADE_BUFFERS ; OFF            ; IGNORE_CASCADE                                                                                   ;
+------------------------+----------------+--------------------------------------------------------------------------------------------------+
Note: In order to hide this table in the UI and the text report file, please set the "Show Parameter Settings in Synthesis Report" option in "Analysis and Synthesis Settings -> More Settings" to "Off".


+--------------------------------------------------------------------------------------------------------------------------------------------+
; Parameter Settings for Inferred Entity Instance: keypad_freq_sel_module:inst1|DDFS_frequency_converter:DDFS_freq_conv_inst|lpm_divide:Div6 ;
+------------------------+----------------+--------------------------------------------------------------------------------------------------+
; Parameter Name         ; Value          ; Type                                                                                             ;
+------------------------+----------------+--------------------------------------------------------------------------------------------------+
; LPM_WIDTHN             ; 33             ; Untyped                                                                                          ;
; LPM_WIDTHD             ; 25             ; Untyped                                                                                          ;
; LPM_NREPRESENTATION    ; UNSIGNED       ; Untyped                                                                                          ;
; LPM_DREPRESENTATION    ; UNSIGNED       ; Untyped                                                                                          ;
; LPM_PIPELINE           ; 0              ; Untyped                                                                                          ;
; LPM_REMAINDERPOSITIVE  ; TRUE           ; Untyped                                                                                          ;
; MAXIMIZE_SPEED         ; 5              ; Untyped                                                                                          ;
; CBXI_PARAMETER         ; lpm_divide_2gm ; Untyped                                                                                          ;
; CARRY_CHAIN            ; MANUAL         ; Untyped                                                                                          ;
; OPTIMIZE_FOR_SPEED     ; 5              ; Untyped                                                                                          ;
; AUTO_CARRY_CHAINS      ; ON             ; AUTO_CARRY                                                                                       ;
; IGNORE_CARRY_BUFFERS   ; OFF            ; IGNORE_CARRY                                                                                     ;
; AUTO_CASCADE_CHAINS    ; ON             ; AUTO_CASCADE                                                                                     ;
; IGNORE_CASCADE_BUFFERS ; OFF            ; IGNORE_CASCADE                                                                                   ;
+------------------------+----------------+--------------------------------------------------------------------------------------------------+
Note: In order to hide this table in the UI and the text report file, please set the "Show Parameter Settings in Synthesis Report" option in "Analysis and Synthesis Settings -> More Settings" to "Off".


+--------------------------------------------------------------------------------------------------------------------------------------------+
; Parameter Settings for Inferred Entity Instance: keypad_freq_sel_module:inst1|DDFS_frequency_converter:DDFS_freq_conv_inst|lpm_divide:Div5 ;
+------------------------+----------------+--------------------------------------------------------------------------------------------------+
; Parameter Name         ; Value          ; Type                                                                                             ;
+------------------------+----------------+--------------------------------------------------------------------------------------------------+
; LPM_WIDTHN             ; 33             ; Untyped                                                                                          ;
; LPM_WIDTHD             ; 23             ; Untyped                                                                                          ;
; LPM_NREPRESENTATION    ; UNSIGNED       ; Untyped                                                                                          ;
; LPM_DREPRESENTATION    ; UNSIGNED       ; Untyped                                                                                          ;
; LPM_PIPELINE           ; 0              ; Untyped                                                                                          ;
; LPM_REMAINDERPOSITIVE  ; TRUE           ; Untyped                                                                                          ;
; MAXIMIZE_SPEED         ; 5              ; Untyped                                                                                          ;
; CBXI_PARAMETER         ; lpm_divide_0gm ; Untyped                                                                                          ;
; CARRY_CHAIN            ; MANUAL         ; Untyped                                                                                          ;
; OPTIMIZE_FOR_SPEED     ; 5              ; Untyped                                                                                          ;
; AUTO_CARRY_CHAINS      ; ON             ; AUTO_CARRY                                                                                       ;
; IGNORE_CARRY_BUFFERS   ; OFF            ; IGNORE_CARRY                                                                                     ;
; AUTO_CASCADE_CHAINS    ; ON             ; AUTO_CASCADE                                                                                     ;
; IGNORE_CASCADE_BUFFERS ; OFF            ; IGNORE_CASCADE                                                                                   ;
+------------------------+----------------+--------------------------------------------------------------------------------------------------+
Note: In order to hide this table in the UI and the text report file, please set the "Show Parameter Settings in Synthesis Report" option in "Analysis and Synthesis Settings -> More Settings" to "Off".


+--------------------------------------------------------------------------------------------------------------------------------------------+
; Parameter Settings for Inferred Entity Instance: keypad_freq_sel_module:inst1|DDFS_frequency_converter:DDFS_freq_conv_inst|lpm_divide:Div4 ;
+------------------------+----------------+--------------------------------------------------------------------------------------------------+
; Parameter Name         ; Value          ; Type                                                                                             ;
+------------------------+----------------+--------------------------------------------------------------------------------------------------+
; LPM_WIDTHN             ; 33             ; Untyped                                                                                          ;
; LPM_WIDTHD             ; 19             ; Untyped                                                                                          ;
; LPM_NREPRESENTATION    ; UNSIGNED       ; Untyped                                                                                          ;
; LPM_DREPRESENTATION    ; UNSIGNED       ; Untyped                                                                                          ;
; LPM_PIPELINE           ; 0              ; Untyped                                                                                          ;
; LPM_REMAINDERPOSITIVE  ; TRUE           ; Untyped                                                                                          ;
; MAXIMIZE_SPEED         ; 5              ; Untyped                                                                                          ;
; CBXI_PARAMETER         ; lpm_divide_6gm ; Untyped                                                                                          ;
; CARRY_CHAIN            ; MANUAL         ; Untyped                                                                                          ;
; OPTIMIZE_FOR_SPEED     ; 5              ; Untyped                                                                                          ;
; AUTO_CARRY_CHAINS      ; ON             ; AUTO_CARRY                                                                                       ;
; IGNORE_CARRY_BUFFERS   ; OFF            ; IGNORE_CARRY                                                                                     ;
; AUTO_CASCADE_CHAINS    ; ON             ; AUTO_CASCADE                                                                                     ;
; IGNORE_CASCADE_BUFFERS ; OFF            ; IGNORE_CASCADE                                                                                   ;
+------------------------+----------------+--------------------------------------------------------------------------------------------------+
Note: In order to hide this table in the UI and the text report file, please set the "Show Parameter Settings in Synthesis Report" option in "Analysis and Synthesis Settings -> More Settings" to "Off".


+--------------------------------------------------------------------------------------------------------------------------------------------+
; Parameter Settings for Inferred Entity Instance: keypad_freq_sel_module:inst1|DDFS_frequency_converter:DDFS_freq_conv_inst|lpm_divide:Div3 ;
+------------------------+----------------+--------------------------------------------------------------------------------------------------+
; Parameter Name         ; Value          ; Type                                                                                             ;
+------------------------+----------------+--------------------------------------------------------------------------------------------------+
; LPM_WIDTHN             ; 33             ; Untyped                                                                                          ;
; LPM_WIDTHD             ; 16             ; Untyped                                                                                          ;
; LPM_NREPRESENTATION    ; UNSIGNED       ; Untyped                                                                                          ;
; LPM_DREPRESENTATION    ; UNSIGNED       ; Untyped                                                                                          ;
; LPM_PIPELINE           ; 0              ; Untyped                                                                                          ;
; LPM_REMAINDERPOSITIVE  ; TRUE           ; Untyped                                                                                          ;
; MAXIMIZE_SPEED         ; 5              ; Untyped                                                                                          ;
; CBXI_PARAMETER         ; lpm_divide_3gm ; Untyped                                                                                          ;
; CARRY_CHAIN            ; MANUAL         ; Untyped                                                                                          ;
; OPTIMIZE_FOR_SPEED     ; 5              ; Untyped                                                                                          ;
; AUTO_CARRY_CHAINS      ; ON             ; AUTO_CARRY                                                                                       ;
; IGNORE_CARRY_BUFFERS   ; OFF            ; IGNORE_CARRY                                                                                     ;
; AUTO_CASCADE_CHAINS    ; ON             ; AUTO_CASCADE                                                                                     ;
; IGNORE_CASCADE_BUFFERS ; OFF            ; IGNORE_CASCADE                                                                                   ;
+------------------------+----------------+--------------------------------------------------------------------------------------------------+
Note: In order to hide this table in the UI and the text report file, please set the "Show Parameter Settings in Synthesis Report" option in "Analysis and Synthesis Settings -> More Settings" to "Off".


+-------------------------------+
; Elapsed Time Per Partition    ;
+----------------+--------------+
; Partition Name ; Elapsed Time ;
+----------------+--------------+
; Top            ; 00:00:05     ;
+----------------+--------------+


+-------------------------------+
; Analysis & Synthesis Messages ;
+-------------------------------+
Info: *******************************************************************
Info: Running Quartus II 64-Bit Analysis & Synthesis
    Info: Version 13.0.1 Build 232 06/12/2013 Service Pack 1 SJ Web Edition
    Info: Processing started: Wed Dec 24 16:53:07 2025
Info: Command: quartus_map --read_settings_files=on --write_settings_files=off keypad_freq_sel_module -c keypad_freq_sel_module
Warning (20028): Parallel compilation is not licensed and has been disabled
Info (12021): Found 2 design units, including 2 entities, in source file tb_keypad_module.v
    Info (12023): Found entity 1: keypad_4x4
    Info (12023): Found entity 2: tb_keypad_module
Info (12021): Found 1 design units, including 1 entities, in source file tb_ddfs_frequency_converter.v
    Info (12023): Found entity 1: tb_DDFS_frequency_converter
Info (12021): Found 1 design units, including 1 entities, in source file keypad_module.v
    Info (12023): Found entity 1: keypad_module
Info (12021): Found 1 design units, including 1 entities, in source file ddfs_frequency_converter.v
    Info (12023): Found entity 1: DDFS_frequency_converter
Info (12021): Found 1 design units, including 1 entities, in source file keypad_freq_sel_module.v
    Info (12023): Found entity 1: keypad_freq_sel_module
Info (12021): Found 1 design units, including 1 entities, in source file bcd_to_7seg.v
    Info (12023): Found entity 1: mux7seg
Info (12021): Found 1 design units, including 1 entities, in source file 7seg_tst.bdf
    Info (12023): Found entity 1: 7seg_tst
Info (12021): Found 1 design units, including 1 entities, in source file keypad_freq_sel.bdf
    Info (12023): Found entity 1: keypad_freq_sel
Warning (12019): Can't analyze file -- file freq_divider_keypad_module.v is missing
Info (12021): Found 1 design units, including 1 entities, in source file c1_to_bcd_converter.v
    Info (12023): Found entity 1: C1_to_BCD_converter
Info (12021): Found 1 design units, including 1 entities, in source file bcd_to_c1_converter.v
    Info (12023): Found entity 1: BCD_to_C1_converter
Info (12127): Elaborating entity "keypad_freq_sel" for the top level hierarchy
Info (12128): Elaborating entity "keypad_freq_sel_module" for hierarchy "keypad_freq_sel_module:inst1"
Warning (10230): Verilog HDL assignment warning at keypad_freq_sel_module.v(120): truncated value with size 64 to match size of target (32)
Warning (10230): Verilog HDL assignment warning at keypad_freq_sel_module.v(195): truncated value with size 32 to match size of target (3)
Warning (10230): Verilog HDL assignment warning at keypad_freq_sel_module.v(212): truncated value with size 32 to match size of target (3)
Warning (10230): Verilog HDL assignment warning at keypad_freq_sel_module.v(229): truncated value with size 32 to match size of target (3)
Warning (10230): Verilog HDL assignment warning at keypad_freq_sel_module.v(246): truncated value with size 32 to match size of target (3)
Warning (10230): Verilog HDL assignment warning at keypad_freq_sel_module.v(263): truncated value with size 32 to match size of target (3)
Warning (10230): Verilog HDL assignment warning at keypad_freq_sel_module.v(280): truncated value with size 32 to match size of target (3)
Warning (10230): Verilog HDL assignment warning at keypad_freq_sel_module.v(297): truncated value with size 32 to match size of target (3)
Warning (10230): Verilog HDL assignment warning at keypad_freq_sel_module.v(314): truncated value with size 32 to match size of target (3)
Warning (10230): Verilog HDL assignment warning at keypad_freq_sel_module.v(331): truncated value with size 32 to match size of target (3)
Warning (10230): Verilog HDL assignment warning at keypad_freq_sel_module.v(342): truncated value with size 32 to match size of target (3)
Warning (10230): Verilog HDL assignment warning at keypad_freq_sel_module.v(380): truncated value with size 32 to match size of target (3)
Info (10264): Verilog HDL Case Statement information at keypad_freq_sel_module.v(178): all case item expressions in this case statement are onehot
Info (12128): Elaborating entity "keypad_module" for hierarchy "keypad_freq_sel_module:inst1|keypad_module:keypad_mod_inst"
Warning (10230): Verilog HDL assignment warning at keypad_module.v(129): truncated value with size 32 to match size of target (4)
Info (12128): Elaborating entity "BCD_to_C1_converter" for hierarchy "keypad_freq_sel_module:inst1|BCD_to_C1_converter:BCD_C1_conv_inst"
Warning (10230): Verilog HDL assignment warning at BCD_to_C1_converter.v(52): truncated value with size 24 to match size of target (23)
Info (12128): Elaborating entity "DDFS_frequency_converter" for hierarchy "keypad_freq_sel_module:inst1|DDFS_frequency_converter:DDFS_freq_conv_inst"
Warning (10230): Verilog HDL assignment warning at DDFS_frequency_converter.v(39): truncated value with size 64 to match size of target (7)
Warning (10230): Verilog HDL assignment warning at DDFS_frequency_converter.v(40): truncated value with size 64 to match size of target (7)
Warning (10230): Verilog HDL assignment warning at DDFS_frequency_converter.v(41): truncated value with size 64 to match size of target (7)
Warning (10230): Verilog HDL assignment warning at DDFS_frequency_converter.v(42): truncated value with size 64 to match size of target (7)
Warning (10230): Verilog HDL assignment warning at DDFS_frequency_converter.v(43): truncated value with size 64 to match size of target (7)
Warning (10230): Verilog HDL assignment warning at DDFS_frequency_converter.v(44): truncated value with size 64 to match size of target (7)
Warning (10230): Verilog HDL assignment warning at DDFS_frequency_converter.v(45): truncated value with size 64 to match size of target (7)
Info (12128): Elaborating entity "mux7seg" for hierarchy "mux7seg:inst"
Info (278001): Inferred 7 megafunctions from design logic
    Info (278004): Inferred divider/modulo megafunction ("lpm_divide") from the following logic: "keypad_freq_sel_module:inst1|DDFS_frequency_converter:DDFS_freq_conv_inst|Div1"
    Info (278004): Inferred divider/modulo megafunction ("lpm_divide") from the following logic: "keypad_freq_sel_module:inst1|DDFS_frequency_converter:DDFS_freq_conv_inst|Div2"
    Info (278004): Inferred divider/modulo megafunction ("lpm_divide") from the following logic: "keypad_freq_sel_module:inst1|DDFS_frequency_converter:DDFS_freq_conv_inst|Div0"
    Info (278004): Inferred divider/modulo megafunction ("lpm_divide") from the following logic: "keypad_freq_sel_module:inst1|DDFS_frequency_converter:DDFS_freq_conv_inst|Div6"
    Info (278004): Inferred divider/modulo megafunction ("lpm_divide") from the following logic: "keypad_freq_sel_module:inst1|DDFS_frequency_converter:DDFS_freq_conv_inst|Div5"
    Info (278004): Inferred divider/modulo megafunction ("lpm_divide") from the following logic: "keypad_freq_sel_module:inst1|DDFS_frequency_converter:DDFS_freq_conv_inst|Div4"
    Info (278004): Inferred divider/modulo megafunction ("lpm_divide") from the following logic: "keypad_freq_sel_module:inst1|DDFS_frequency_converter:DDFS_freq_conv_inst|Div3"
Info (12130): Elaborated megafunction instantiation "keypad_freq_sel_module:inst1|DDFS_frequency_converter:DDFS_freq_conv_inst|lpm_divide:Div1"
Info (12133): Instantiated megafunction "keypad_freq_sel_module:inst1|DDFS_frequency_converter:DDFS_freq_conv_inst|lpm_divide:Div1" with the following parameter:
    Info (12134): Parameter "LPM_WIDTHN" = "33"
    Info (12134): Parameter "LPM_WIDTHD" = "9"
    Info (12134): Parameter "LPM_NREPRESENTATION" = "UNSIGNED"
    Info (12134): Parameter "LPM_DREPRESENTATION" = "UNSIGNED"
Info (12021): Found 1 design units, including 1 entities, in source file db/lpm_divide_kem.tdf
    Info (12023): Found entity 1: lpm_divide_kem
Info (12021): Found 1 design units, including 1 entities, in source file db/sign_div_unsign_ulh.tdf
    Info (12023): Found entity 1: sign_div_unsign_ulh
Info (12021): Found 1 design units, including 1 entities, in source file db/alt_u_div_u2f.tdf
    Info (12023): Found entity 1: alt_u_div_u2f
Info (12021): Found 1 design units, including 1 entities, in source file db/add_sub_lkc.tdf
    Info (12023): Found entity 1: add_sub_lkc
Info (12021): Found 1 design units, including 1 entities, in source file db/add_sub_mkc.tdf
    Info (12023): Found entity 1: add_sub_mkc
Info (12130): Elaborated megafunction instantiation "keypad_freq_sel_module:inst1|DDFS_frequency_converter:DDFS_freq_conv_inst|lpm_divide:Div2"
Info (12133): Instantiated megafunction "keypad_freq_sel_module:inst1|DDFS_frequency_converter:DDFS_freq_conv_inst|lpm_divide:Div2" with the following parameter:
    Info (12134): Parameter "LPM_WIDTHN" = "33"
    Info (12134): Parameter "LPM_WIDTHD" = "13"
    Info (12134): Parameter "LPM_NREPRESENTATION" = "UNSIGNED"
    Info (12134): Parameter "LPM_DREPRESENTATION" = "UNSIGNED"
Info (12021): Found 1 design units, including 1 entities, in source file db/lpm_divide_vfm.tdf
    Info (12023): Found entity 1: lpm_divide_vfm
Info (12021): Found 1 design units, including 1 entities, in source file db/sign_div_unsign_9nh.tdf
    Info (12023): Found entity 1: sign_div_unsign_9nh
Info (12021): Found 1 design units, including 1 entities, in source file db/alt_u_div_k5f.tdf
    Info (12023): Found entity 1: alt_u_div_k5f
Info (12130): Elaborated megafunction instantiation "keypad_freq_sel_module:inst1|DDFS_frequency_converter:DDFS_freq_conv_inst|lpm_divide:Div0"
Info (12133): Instantiated megafunction "keypad_freq_sel_module:inst1|DDFS_frequency_converter:DDFS_freq_conv_inst|lpm_divide:Div0" with the following parameter:
    Info (12134): Parameter "LPM_WIDTHN" = "33"
    Info (12134): Parameter "LPM_WIDTHD" = "6"
    Info (12134): Parameter "LPM_NREPRESENTATION" = "UNSIGNED"
    Info (12134): Parameter "LPM_DREPRESENTATION" = "UNSIGNED"
Info (12021): Found 1 design units, including 1 entities, in source file db/lpm_divide_hem.tdf
    Info (12023): Found entity 1: lpm_divide_hem
Info (12021): Found 1 design units, including 1 entities, in source file db/sign_div_unsign_rlh.tdf
    Info (12023): Found entity 1: sign_div_unsign_rlh
Info (12021): Found 1 design units, including 1 entities, in source file db/alt_u_div_o2f.tdf
    Info (12023): Found entity 1: alt_u_div_o2f
Info (12130): Elaborated megafunction instantiation "keypad_freq_sel_module:inst1|DDFS_frequency_converter:DDFS_freq_conv_inst|lpm_divide:Div6"
Info (12133): Instantiated megafunction "keypad_freq_sel_module:inst1|DDFS_frequency_converter:DDFS_freq_conv_inst|lpm_divide:Div6" with the following parameter:
    Info (12134): Parameter "LPM_WIDTHN" = "33"
    Info (12134): Parameter "LPM_WIDTHD" = "25"
    Info (12134): Parameter "LPM_NREPRESENTATION" = "UNSIGNED"
    Info (12134): Parameter "LPM_DREPRESENTATION" = "UNSIGNED"
Info (12021): Found 1 design units, including 1 entities, in source file db/lpm_divide_2gm.tdf
    Info (12023): Found entity 1: lpm_divide_2gm
Info (12021): Found 1 design units, including 1 entities, in source file db/sign_div_unsign_cnh.tdf
    Info (12023): Found entity 1: sign_div_unsign_cnh
Info (12021): Found 1 design units, including 1 entities, in source file db/alt_u_div_q5f.tdf
    Info (12023): Found entity 1: alt_u_div_q5f
Info (12130): Elaborated megafunction instantiation "keypad_freq_sel_module:inst1|DDFS_frequency_converter:DDFS_freq_conv_inst|lpm_divide:Div5"
Info (12133): Instantiated megafunction "keypad_freq_sel_module:inst1|DDFS_frequency_converter:DDFS_freq_conv_inst|lpm_divide:Div5" with the following parameter:
    Info (12134): Parameter "LPM_WIDTHN" = "33"
    Info (12134): Parameter "LPM_WIDTHD" = "23"
    Info (12134): Parameter "LPM_NREPRESENTATION" = "UNSIGNED"
    Info (12134): Parameter "LPM_DREPRESENTATION" = "UNSIGNED"
Info (12021): Found 1 design units, including 1 entities, in source file db/lpm_divide_0gm.tdf
    Info (12023): Found entity 1: lpm_divide_0gm
Info (12021): Found 1 design units, including 1 entities, in source file db/sign_div_unsign_anh.tdf
    Info (12023): Found entity 1: sign_div_unsign_anh
Info (12021): Found 1 design units, including 1 entities, in source file db/alt_u_div_m5f.tdf
    Info (12023): Found entity 1: alt_u_div_m5f
Info (12130): Elaborated megafunction instantiation "keypad_freq_sel_module:inst1|DDFS_frequency_converter:DDFS_freq_conv_inst|lpm_divide:Div4"
Info (12133): Instantiated megafunction "keypad_freq_sel_module:inst1|DDFS_frequency_converter:DDFS_freq_conv_inst|lpm_divide:Div4" with the following parameter:
    Info (12134): Parameter "LPM_WIDTHN" = "33"
    Info (12134): Parameter "LPM_WIDTHD" = "19"
    Info (12134): Parameter "LPM_NREPRESENTATION" = "UNSIGNED"
    Info (12134): Parameter "LPM_DREPRESENTATION" = "UNSIGNED"
Info (12021): Found 1 design units, including 1 entities, in source file db/lpm_divide_6gm.tdf
    Info (12023): Found entity 1: lpm_divide_6gm
Info (12021): Found 1 design units, including 1 entities, in source file db/sign_div_unsign_gnh.tdf
    Info (12023): Found entity 1: sign_div_unsign_gnh
Info (12021): Found 1 design units, including 1 entities, in source file db/alt_u_div_06f.tdf
    Info (12023): Found entity 1: alt_u_div_06f
Info (12130): Elaborated megafunction instantiation "keypad_freq_sel_module:inst1|DDFS_frequency_converter:DDFS_freq_conv_inst|lpm_divide:Div3"
Info (12133): Instantiated megafunction "keypad_freq_sel_module:inst1|DDFS_frequency_converter:DDFS_freq_conv_inst|lpm_divide:Div3" with the following parameter:
    Info (12134): Parameter "LPM_WIDTHN" = "33"
    Info (12134): Parameter "LPM_WIDTHD" = "16"
    Info (12134): Parameter "LPM_NREPRESENTATION" = "UNSIGNED"
    Info (12134): Parameter "LPM_DREPRESENTATION" = "UNSIGNED"
Info (12021): Found 1 design units, including 1 entities, in source file db/lpm_divide_3gm.tdf
    Info (12023): Found entity 1: lpm_divide_3gm
Info (12021): Found 1 design units, including 1 entities, in source file db/sign_div_unsign_dnh.tdf
    Info (12023): Found entity 1: sign_div_unsign_dnh
Info (12021): Found 1 design units, including 1 entities, in source file db/alt_u_div_r5f.tdf
    Info (12023): Found entity 1: alt_u_div_r5f
Warning (13024): Output pins are stuck at VCC or GND
    Warning (13410): Pin "HEX7[6]" is stuck at VCC
    Warning (13410): Pin "HEX7[5]" is stuck at VCC
    Warning (13410): Pin "HEX7[4]" is stuck at VCC
    Warning (13410): Pin "HEX7[3]" is stuck at VCC
    Warning (13410): Pin "HEX7[2]" is stuck at VCC
    Warning (13410): Pin "HEX7[1]" is stuck at VCC
    Warning (13410): Pin "HEX7[0]" is stuck at VCC
Info (16010): Generating hard_block partition "hard_block:auto_generated_inst"
    Info (16011): Adding 0 node(s), including 0 DDIO, 0 PLL, 0 transceiver and 0 LCELL
Info (21057): Implemented 5184 device resources after synthesis - the final resource count might be different
    Info (21058): Implemented 6 input pins
    Info (21059): Implemented 78 output pins
    Info (21061): Implemented 5100 logic cells
Info: Quartus II 64-Bit Analysis & Synthesis was successful. 0 errors, 31 warnings
    Info: Peak virtual memory: 4749 megabytes
    Info: Processing ended: Wed Dec 24 16:53:14 2025
    Info: Elapsed time: 00:00:07
    Info: Total CPU time (on all processors): 00:00:07


