------------------------------------------------------------
TimeQuest Timing Analyzer Summary
------------------------------------------------------------

Type  : Slow Model Setup 'CLOCK_50'
Slack : -2.981
TNS   : -83.055

Type  : Slow Model Setup 'ddfs:inst|freq_divider:f_div_inst|count[19]'
Slack : -1.400
TNS   : -17.406

Type  : Slow Model Hold 'CLOCK_50'
Slack : -1.775
TNS   : -30.287

Type  : Slow Model Hold 'ddfs:inst|freq_divider:f_div_inst|count[19]'
Slack : 0.542
TNS   : 0.000

Type  : Slow Model Minimum Pulse Width 'CLOCK_50'
Slack : -1.423
TNS   : -106.760

Type  : Slow Model Minimum Pulse Width 'ddfs:inst|freq_divider:f_div_inst|count[19]'
Slack : -0.500
TNS   : -14.000

Type  : Fast Model Setup 'CLOCK_50'
Slack : -0.863
TNS   : -15.466

Type  : Fast Model Setup 'ddfs:inst|freq_divider:f_div_inst|count[19]'
Slack : -0.155
TNS   : -1.860

Type  : Fast Model Hold 'CLOCK_50'
Slack : -1.281
TNS   : -23.260

Type  : Fast Model Hold 'ddfs:inst|freq_divider:f_div_inst|count[19]'
Slack : 0.249
TNS   : 0.000

Type  : Fast Model Minimum Pulse Width 'CLOCK_50'
Slack : -1.423
TNS   : -106.760

Type  : Fast Model Minimum Pulse Width 'ddfs:inst|freq_divider:f_div_inst|count[19]'
Slack : -0.500
TNS   : -14.000

------------------------------------------------------------
