------------------------------------------------------------
TimeQuest Timing Analyzer Summary
------------------------------------------------------------

Type  : Slow Model Setup 'CLOCK_50'
Slack : -3.112
TNS   : -83.452

Type  : Slow Model Setup 'ddfs:inst|freq_divider:f_div_inst|count[19]'
Slack : -1.389
TNS   : -17.418

Type  : Slow Model Hold 'CLOCK_50'
Slack : -1.768
TNS   : -28.927

Type  : Slow Model Hold 'ddfs:inst|freq_divider:f_div_inst|count[19]'
Slack : 0.537
TNS   : 0.000

Type  : Slow Model Minimum Pulse Width 'CLOCK_50'
Slack : -1.423
TNS   : -106.760

Type  : Slow Model Minimum Pulse Width 'ddfs:inst|freq_divider:f_div_inst|count[19]'
Slack : -0.500
TNS   : -14.000

Type  : Fast Model Setup 'CLOCK_50'
Slack : -0.915
TNS   : -15.990

Type  : Fast Model Setup 'ddfs:inst|freq_divider:f_div_inst|count[19]'
Slack : -0.153
TNS   : -1.836

Type  : Fast Model Hold 'CLOCK_50'
Slack : -1.274
TNS   : -22.609

Type  : Fast Model Hold 'ddfs:inst|freq_divider:f_div_inst|count[19]'
Slack : 0.247
TNS   : 0.000

Type  : Fast Model Minimum Pulse Width 'CLOCK_50'
Slack : -1.423
TNS   : -106.760

Type  : Fast Model Minimum Pulse Width 'ddfs:inst|freq_divider:f_div_inst|count[19]'
Slack : -0.500
TNS   : -14.000

------------------------------------------------------------
