------------------------------------------------------------
TimeQuest Timing Analyzer Summary
------------------------------------------------------------

Type  : Slow Model Setup 'CLOCK_50'
Slack : 12.328
TNS   : 0.000

Type  : Slow Model Setup 'keypad_freq_sel_module:inst1|freq_divider_keypad_module:freq_div|q'
Slack : 13.170
TNS   : 0.000

Type  : Slow Model Hold 'CLOCK_50'
Slack : -2.558
TNS   : -2.558

Type  : Slow Model Hold 'keypad_freq_sel_module:inst1|freq_divider_keypad_module:freq_div|q'
Slack : 0.391
TNS   : 0.000

Type  : Slow Model Minimum Pulse Width 'CLOCK_50'
Slack : 9.000
TNS   : 0.000

Type  : Slow Model Minimum Pulse Width 'keypad_freq_sel_module:inst1|freq_divider_keypad_module:freq_div|q'
Slack : 9.000
TNS   : 0.000

Type  : Fast Model Setup 'CLOCK_50'
Slack : 11.479
TNS   : 0.000

Type  : Fast Model Setup 'keypad_freq_sel_module:inst1|freq_divider_keypad_module:freq_div|q'
Slack : 16.875
TNS   : 0.000

Type  : Fast Model Hold 'CLOCK_50'
Slack : -1.599
TNS   : -1.599

Type  : Fast Model Hold 'keypad_freq_sel_module:inst1|freq_divider_keypad_module:freq_div|q'
Slack : 0.215
TNS   : 0.000

Type  : Fast Model Minimum Pulse Width 'CLOCK_50'
Slack : 9.000
TNS   : 0.000

Type  : Fast Model Minimum Pulse Width 'keypad_freq_sel_module:inst1|freq_divider_keypad_module:freq_div|q'
Slack : 9.000
TNS   : 0.000

------------------------------------------------------------
