------------------------------------------------------------
TimeQuest Timing Analyzer Summary
------------------------------------------------------------

Type  : Slow Model Setup 'CLOCK_50'
Slack : -9.393
TNS   : -123.126

Type  : Slow Model Setup 'ddfs:inst1|freq_divider:f_div_inst|count[19]'
Slack : -1.182
TNS   : -14.633

Type  : Slow Model Hold 'CLOCK_50'
Slack : -1.983
TNS   : -23.346

Type  : Slow Model Hold 'ddfs:inst1|freq_divider:f_div_inst|count[19]'
Slack : 0.544
TNS   : 0.000

Type  : Slow Model Minimum Pulse Width 'CLOCK_50'
Slack : -1.423
TNS   : -41.302

Type  : Slow Model Minimum Pulse Width 'ddfs:inst1|freq_divider:f_div_inst|count[19]'
Slack : -0.500
TNS   : -18.000

Type  : Fast Model Setup 'CLOCK_50'
Slack : -3.466
TNS   : -40.598

Type  : Fast Model Setup 'ddfs:inst1|freq_divider:f_div_inst|count[19]'
Slack : -0.041
TNS   : -0.369

Type  : Fast Model Hold 'CLOCK_50'
Slack : -1.368
TNS   : -20.235

Type  : Fast Model Hold 'ddfs:inst1|freq_divider:f_div_inst|count[19]'
Slack : 0.249
TNS   : 0.000

Type  : Fast Model Minimum Pulse Width 'CLOCK_50'
Slack : -1.423
TNS   : -41.302

Type  : Fast Model Minimum Pulse Width 'ddfs:inst1|freq_divider:f_div_inst|count[19]'
Slack : -0.500
TNS   : -18.000

------------------------------------------------------------
