------------------------------------------------------------
TimeQuest Timing Analyzer Summary
------------------------------------------------------------

Type  : Slow Model Setup 'ddfs:inst15|freq_divider_DDFS:f_div_inst|count[19]'
Slack : 2.352
TNS   : 0.000

Type  : Slow Model Setup 'inst|altpll_component|pll|clk[0]'
Slack : 2.800
TNS   : 0.000

Type  : Slow Model Setup 'CLOCK_50'
Slack : 3.567
TNS   : 0.000

Type  : Slow Model Setup 'keypad_freq_sel_module:inst1|freq_divider_keypad_module:freq_div|q'
Slack : 4.774
TNS   : 0.000

Type  : Slow Model Hold 'CLOCK_50'
Slack : 0.391
TNS   : 0.000

Type  : Slow Model Hold 'keypad_freq_sel_module:inst1|freq_divider_keypad_module:freq_div|q'
Slack : 0.391
TNS   : 0.000

Type  : Slow Model Hold 'inst|altpll_component|pll|clk[0]'
Slack : 0.520
TNS   : 0.000

Type  : Slow Model Hold 'ddfs:inst15|freq_divider_DDFS:f_div_inst|count[19]'
Slack : 1.200
TNS   : 0.000

Type  : Slow Model Recovery 'ddfs:inst15|freq_divider_DDFS:f_div_inst|count[19]'
Slack : 16.595
TNS   : 0.000

Type  : Slow Model Removal 'ddfs:inst15|freq_divider_DDFS:f_div_inst|count[19]'
Slack : 3.153
TNS   : 0.000

Type  : Slow Model Minimum Pulse Width 'inst|altpll_component|pll|clk[0]'
Slack : 4.000
TNS   : 0.000

Type  : Slow Model Minimum Pulse Width 'CLOCK_50'
Slack : 8.077
TNS   : 0.000

Type  : Slow Model Minimum Pulse Width 'ddfs:inst15|freq_divider_DDFS:f_div_inst|count[19]'
Slack : 8.077
TNS   : 0.000

Type  : Slow Model Minimum Pulse Width 'keypad_freq_sel_module:inst1|freq_divider_keypad_module:freq_div|q'
Slack : 9.000
TNS   : 0.000

Type  : Fast Model Setup 'ddfs:inst15|freq_divider_DDFS:f_div_inst|count[19]'
Slack : 4.999
TNS   : 0.000

Type  : Fast Model Setup 'inst|altpll_component|pll|clk[0]'
Slack : 6.783
TNS   : 0.000

Type  : Fast Model Setup 'CLOCK_50'
Slack : 8.486
TNS   : 0.000

Type  : Fast Model Setup 'keypad_freq_sel_module:inst1|freq_divider_keypad_module:freq_div|q'
Slack : 9.764
TNS   : 0.000

Type  : Fast Model Hold 'CLOCK_50'
Slack : 0.215
TNS   : 0.000

Type  : Fast Model Hold 'keypad_freq_sel_module:inst1|freq_divider_keypad_module:freq_div|q'
Slack : 0.215
TNS   : 0.000

Type  : Fast Model Hold 'inst|altpll_component|pll|clk[0]'
Slack : 0.240
TNS   : 0.000

Type  : Fast Model Hold 'ddfs:inst15|freq_divider_DDFS:f_div_inst|count[19]'
Slack : 0.520
TNS   : 0.000

Type  : Fast Model Recovery 'ddfs:inst15|freq_divider_DDFS:f_div_inst|count[19]'
Slack : 18.200
TNS   : 0.000

Type  : Fast Model Removal 'ddfs:inst15|freq_divider_DDFS:f_div_inst|count[19]'
Slack : 1.671
TNS   : 0.000

Type  : Fast Model Minimum Pulse Width 'inst|altpll_component|pll|clk[0]'
Slack : 4.000
TNS   : 0.000

Type  : Fast Model Minimum Pulse Width 'CLOCK_50'
Slack : 8.077
TNS   : 0.000

Type  : Fast Model Minimum Pulse Width 'ddfs:inst15|freq_divider_DDFS:f_div_inst|count[19]'
Slack : 8.077
TNS   : 0.000

Type  : Fast Model Minimum Pulse Width 'keypad_freq_sel_module:inst1|freq_divider_keypad_module:freq_div|q'
Slack : 9.000
TNS   : 0.000

------------------------------------------------------------
